Archive member included because of file (symbol)

/home/gombe/workspace/machikania/origdev/pic32/compiler/pic32-tools/bin/../lib/gcc/pic32mx/4.5.2/../../../../pic32mx/lib/libmchp_peripheral.a(read_core_timer_lib.o)
                              NVMem.o (ReadCoreTimer)
/home/gombe/workspace/machikania/origdev/pic32/compiler/pic32-tools/bin/../lib/gcc/pic32mx/4.5.2/../../../../pic32mx/lib/libmchp_peripheral.a(write_core_timer_lib.o)
                              NVMem.o (WriteCoreTimer)
/home/gombe/workspace/machikania/origdev/pic32/compiler/pic32-tools/bin/../lib/gcc/pic32mx/4.5.2/../../../../pic32mx/lib/libmchp_peripheral_32MX150F128B.a(soft_reset_lib.o)
                              main.o (SoftReset)
/home/gombe/workspace/machikania/origdev/pic32/compiler/pic32-tools/bin/../lib/gcc/pic32mx/4.5.2/../../../../pic32mx/lib/libmchp_peripheral_32MX150F128B.a(osc_config_lib.o)
                              videoout.o (OSCConfig)
/home/gombe/workspace/machikania/origdev/pic32/compiler/pic32-tools/bin/../lib/gcc/pic32mx/4.5.2/../../../../pic32mx/lib/libmchp_peripheral_32MX150F128B.a(int_disable_interrupts_lib.o)
                              NVMem.o (INTDisableInterrupts)
/home/gombe/workspace/machikania/origdev/pic32/compiler/pic32-tools/bin/../lib/gcc/pic32mx/4.5.2/../../../../pic32mx/lib/libmchp_peripheral_32MX150F128B.a(int_restore_interrupts_lib.o)
                              NVMem.o (INTRestoreInterrupts)
/home/gombe/workspace/machikania/origdev/pic32/compiler/pic32-tools/bin/../lib/gcc/pic32mx/4.5.2/../../../../pic32mx/lib/libmchp_peripheral_32MX150F128B.a(int_enable_mv_int_lib.o)
                              videoout.o (INTEnableSystemMultiVectoredInt)
/home/gombe/workspace/machikania/origdev/pic32/compiler/pic32-tools/bin/../lib/gcc/pic32mx/4.5.2/../../../../pic32mx/lib/libmchp_peripheral_32MX150F128B.a(spi_getc_spi2_lib_legacy.o)
                              sd.o (getcSPI2)
/home/gombe/workspace/machikania/origdev/pic32/compiler/pic32-tools/bin/../lib/gcc/pic32mx/4.5.2/../../../../pic32mx/lib/libmchp_peripheral_32MX150F128B.a(spi_open_spi2_lib_legacy.o)
                              sd.o (OpenSPI2)
/home/gombe/workspace/machikania/origdev/pic32/compiler/pic32-tools/bin/../lib/gcc/pic32mx/4.5.2/../../../../pic32mx/lib/libmchp_peripheral_32MX150F128B.a(spi_brg_tbl_lib_legacy.o)
                              /home/gombe/workspace/machikania/origdev/pic32/compiler/pic32-tools/bin/../lib/gcc/pic32mx/4.5.2/../../../../pic32mx/lib/libmchp_peripheral_32MX150F128B.a(spi_open_spi2_lib_legacy.o) (_SpiBrgConvTbl)
/home/gombe/workspace/machikania/origdev/pic32/compiler/pic32-tools/bin/../lib/gcc/pic32mx/4.5.2/../../../../pic32mx/lib/libmchp_peripheral_32MX150F128B.a(nvm_write_word_lib.o)
                              main.o (NVMWriteWord)
/home/gombe/workspace/machikania/origdev/pic32/compiler/pic32-tools/bin/../lib/gcc/pic32mx/4.5.2/../../../../pic32mx/lib/libmchp_peripheral_32MX150F128B.a(int_enable_interrupts_lib.o)
                              /home/gombe/workspace/machikania/origdev/pic32/compiler/pic32-tools/bin/../lib/gcc/pic32mx/4.5.2/../../../../pic32mx/lib/libmchp_peripheral_32MX150F128B.a(int_enable_mv_int_lib.o) (INTEnableInterrupts)
/home/gombe/workspace/machikania/origdev/pic32/compiler/pic32-tools/bin/../lib/gcc/pic32mx/4.5.2/../../../../pic32mx/lib/libmchp_peripheral_32MX150F128B.a(nvm_operation_lib.o)
                              /home/gombe/workspace/machikania/origdev/pic32/compiler/pic32-tools/bin/../lib/gcc/pic32mx/4.5.2/../../../../pic32mx/lib/libmchp_peripheral_32MX150F128B.a(nvm_write_word_lib.o) (_NVMOperation)
/home/gombe/workspace/machikania/origdev/pic32/compiler/pic32-tools/bin/../lib/gcc/pic32mx/4.5.2/libgcc.a(_fixunssfsi.o)
                              smlrc.o (__fixunssfsi)
/home/gombe/workspace/machikania/origdev/pic32/compiler/pic32-tools/bin/../lib/gcc/pic32mx/4.5.2/libgcc.a(addsf3.o)
                              smlrc.o (__addsf3)
/home/gombe/workspace/machikania/origdev/pic32/compiler/pic32-tools/bin/../lib/gcc/pic32mx/4.5.2/libgcc.a(divsf3.o)
                              smlrc.o (__divsf3)
/home/gombe/workspace/machikania/origdev/pic32/compiler/pic32-tools/bin/../lib/gcc/pic32mx/4.5.2/libgcc.a(eqsf2.o)
                              smlrc.o (__nesf2)
/home/gombe/workspace/machikania/origdev/pic32/compiler/pic32-tools/bin/../lib/gcc/pic32mx/4.5.2/libgcc.a(gesf2.o)
                              smlrc.o (__gesf2)
/home/gombe/workspace/machikania/origdev/pic32/compiler/pic32-tools/bin/../lib/gcc/pic32mx/4.5.2/libgcc.a(lesf2.o)
                              smlrc.o (__lesf2)
/home/gombe/workspace/machikania/origdev/pic32/compiler/pic32-tools/bin/../lib/gcc/pic32mx/4.5.2/libgcc.a(mulsf3.o)
                              smlrc.o (__mulsf3)
/home/gombe/workspace/machikania/origdev/pic32/compiler/pic32-tools/bin/../lib/gcc/pic32mx/4.5.2/libgcc.a(subsf3.o)
[...]
Memory Configuration

Name             Origin             Length             Attributes
kseg0_program_mem 0x9d007490         0x00038b70         xr
exception_mem    0x9d006000         0x00001000
debug_exec_mem   0x9fc00490         0x00000760
kseg0_boot_mem   0x9d006000         0x00000000
kseg1_boot_mem   0x9d007000         0x00000490
config3          0xbfc00bf0         0x00000004
config2          0xbfc00bf4         0x00000004
config1          0xbfc00bf8         0x00000004
config0          0xbfc00bfc         0x00000004
kseg1_data_mem   0xa0000000         0x00010000         w !x
sfrs             0xbf800000         0x00100000
configsfrs       0xbfc00bf0         0x00000010
*default*        0x00000000         0xffffffff

Linker script and memory map

                0x00000000                _min_heap_size = 0x0
                0x00000020                _min_stack_size = 0x20
LOAD smlrc.o
LOAD ff.o
LOAD NVMem.o
LOAD ff_wrap.o
LOAD lb.o
LOAD xprintf.o
LOAD main.o
LOAD exception.o
LOAD ps2keyboard.o
LOAD videoout.o
LOAD textvideolib.o
LOAD as.o
LOAD ld.o
LOAD umm_info.o
LOAD umm_integrity.o
LOAD umm_malloc.o
LOAD umm_poison.o
LOAD aoutloader.o
LOAD keyinput.o
LOAD function_table.o
LOAD cc.o
LOAD autocomplete.o
LOAD sd.o
LOAD flash.o
LOAD /tmp/ccGnkQyp.o
LOAD /tmp/ccW45avG.o
LOAD /tmp/ccM1mPsX.o
LOAD /home/gombe/workspace/machikania/origdev/pic32/compiler/pic32-tools/bin/../lib/gcc/pic32mx/4.5.2/../../../../pic32mx/lib/./proc/32MX250F128B/default_isr_vectors.o
                0x00000400                PROVIDE (_min_stack_size, 0x400)
                0x00000400                PROVIDE (_min_heap_size, 0x400)
LOAD /home/gombe/workspace/machikania/origdev/pic32/compiler/pic32-tools/bin/../lib/gcc/pic32mx/4.5.2/../../../../pic32mx/lib/./proc/32MX250F128B/processor.o
START GROUP
LOAD /home/gombe/workspace/machikania/origdev/pic32/compiler/pic32-tools/bin/../lib/gcc/pic32mx/4.5.2/../../../../pic32mx/lib/libmchp_peripheral.a
END GROUP
START GROUP
LOAD /home/gombe/workspace/machikania/origdev/pic32/compiler/pic32-tools/bin/../lib/gcc/pic32mx/4.5.2/../../../../pic32mx/lib/libmchp_peripheral_32MX150F128B.a
END GROUP
                0x00000001                PROVIDE (_vector_spacing, 0x1)
                0x9d006000                _ebase_address = 0x9d006000
                0x9d007000                _RESET_ADDR = 0x9d007000
                0x9d007380                _BEV_EXCPT_ADDR = 0x9d007380
                0x9d007480                _DBG_EXCPT_ADDR = 0x9d007480
                0x9fc00490                _DBG_CODE_ADDR = 0x9fc00490
                0x00000760                _DBG_CODE_SIZE = 0x760
                0x9d006180                _GEN_EXCPT_ADDR = (_ebase_address + 0x180)

.config_BFC00BF0
 *(.config_BFC00BF0)

.config_BFC00BF4
 *(.config_BFC00BF4)

.config_BFC00BF8
 *(.config_BFC00BF8)

.config_BFC00BFC
 *(.config_BFC00BFC)

.reset          0x9d007000        0x8
 *(.reset)
 .reset         0x9d007000        0x8 /tmp/ccGnkQyp.o
                0x9d007000                _reset
 *(.reset.startup)
 .reset.startup
                0x9d007008        0x0 /tmp/ccGnkQyp.o

.bev_excpt      0x9d007380       0x10
 *(.bev_handler)
 .bev_handler   0x9d007380       0x10 /tmp/ccGnkQyp.o

.dbg_excpt      0x9d007480        0x0
                0x9d007480                . = (. + DEFINED (_DEBUGGER)?0x8:0x0)

.dbg_code       0x9fc00490        0x0
                0x9fc00490                . = (. + DEFINED (_DEBUGGER)?_DBG_CODE_SIZE:0x0)

.app_excpt      0x9d006180       0x14
 *(.gen_handler)
 .gen_handler   0x9d006180       0x14 /tmp/ccGnkQyp.o

.vector_0       0x9d006200        0x8
 *(.vector_0)
 .vector_0      0x9d006200        0x8 /home/gombe/workspace/machikania/origdev/pic32/compiler/pic32-tools/bin/../lib/gcc/pic32mx/4.5.2/../../../../pic32mx/lib/libpic32.a(vector0.o)
                0x9d006200                __vector_dispatch_0
                0x00000001                ASSERT (((_vector_spacing == 0x0) || (SIZEOF (.vector_0) <= (_vector_spacing << 0x5))), function at exception vector 0 too large)

.vector_1       0x9d006220        0x8
 *(.vector_1)
 .vector_1      0x9d006220        0x8 /home/gombe/workspace/machikania/origdev/pic32/compiler/pic32-tools/bin/../lib/gcc/pic32mx/4.5.2/../../../../pic32mx/lib/libpic32.a(vector1.o)
                0x9d006220                __vector_dispatch_1
                0x00000001                ASSERT (((_vector_spacing == 0x0) || (SIZEOF (.vector_1) <= (_vector_spacing << 0x5))), function at exception vector 1 too large)

.vector_2       0x9d006240        0x8
 *(.vector_2)
 .vector_2      0x9d006240        0x8 /home/gombe/workspace/machikania/origdev/pic32/compiler/pic32-tools/bin/../lib/gcc/pic32mx/4.5.2/../../../../pic32mx/lib/libpic32.a(vector2.o)
                0x9d006240                __vector_dispatch_2
                0x00000001                ASSERT (((_vector_spacing == 0x0) || (SIZEOF (.vector_2) <= (_vector_spacing << 0x5))), function at exception vector 2 too large)

.vector_3       0x9d006260        0x8
 *(.vector_3)
 .vector_3      0x9d006260        0x8 /home/gombe/workspace/machikania/origdev/pic32/compiler/pic32-tools/bin/../lib/gcc/pic32mx/4.5.2/../../../../pic32mx/lib/libpic32.a(vector3.o)
                0x9d006260                __vector_dispatch_3
                0x00000001                ASSERT (((_vector_spacing == 0x0) || (SIZEOF (.vector_3) <= (_vector_spacing << 0x5))), function at exception vector 3 too large)

.vector_4       0x9d006280        0x8
 *(.vector_4)
 .vector_4      0x9d006280        0x8 /home/gombe/workspace/machikania/origdev/pic32/compiler/pic32-tools/bin/../lib/gcc/pic32mx/4.5.2/../../../../pic32mx/lib/libpic32.a(vector4.o)
                0x9d006280                __vector_dispatch_4
                0x00000001                ASSERT (((_vector_spacing == 0x0) || (SIZEOF (.vector_4) <= (_vector_spacing << 0x5))), function at exception vector 4 too large)

.vector_5       0x9d0062a0        0x8
 *(.vector_5)
 .vector_5      0x9d0062a0        0x8 /home/gombe/workspace/machikania/origdev/pic32/compiler/pic32-tools/bin/../lib/gcc/pic32mx/4.5.2/../../../../pic32mx/lib/libpic32.a(vector5.o)
                0x9d0062a0                __vector_dispatch_5
                0x00000001                ASSERT (((_vector_spacing == 0x0) || (SIZEOF (.vector_5) <= (_vector_spacing << 0x5))), function at exception vector 5 too large)

.vector_6       0x9d0062c0        0x8
 *(.vector_6)
 .vector_6      0x9d0062c0        0x8 videoout.o
                0x9d0062c0                __vector_dispatch_6
                0x00000001                ASSERT (((_vector_spacing == 0x0) || (SIZEOF (.vector_6) <= (_vector_spacing << 0x5))), function at exception vector 6 too large)

.vector_7       0x9d0062e0        0x8
 *(.vector_7)
 .vector_7      0x9d0062e0        0x8 /home/gombe/workspace/machikania/origdev/pic32/compiler/pic32-tools/bin/../lib/gcc/pic32mx/4.5.2/../../../../pic32mx/lib/libpic32.a(vector7.o)
                0x9d0062e0                __vector_dispatch_7
                0x00000001                ASSERT (((_vector_spacing == 0x0) || (SIZEOF (.vector_7) <= (_vector_spacing << 0x5))), function at exception vector 7 too large)

.vector_8       0x9d006300        0x8
 *(.vector_8)
 .vector_8      0x9d006300        0x8 videoout.o
                0x9d006300                __vector_dispatch_8
                0x00000001                ASSERT (((_vector_spacing == 0x0) || (SIZEOF (.vector_8) <= (_vector_spacing << 0x5))), function at exception vector 8 too large)

.vector_9       0x9d006320        0x8
 *(.vector_9)
 .vector_9      0x9d006320        0x8 /home/gombe/workspace/machikania/origdev/pic32/compiler/pic32-tools/bin/../lib/gcc/pic32mx/4.5.2/../../../../pic32mx/lib/libpic32.a(vector9.o)
                0x9d006320                __vector_dispatch_9
                0x00000001                ASSERT (((_vector_spacing == 0x0) || (SIZEOF (.vector_9) <= (_vector_spacing << 0x5))), function at exception vector 9 too large)

.vector_10      0x9d006340        0x8
 *(.vector_10)
 .vector_10     0x9d006340        0x8 videoout.o
                0x9d006340                __vector_dispatch_10
                0x00000001                ASSERT (((_vector_spacing == 0x0) || (SIZEOF (.vector_10) <= (_vector_spacing << 0x5))), function at exception vector 10 too large)

.vector_11      0x9d006360        0x8
 *(.vector_11)
 .vector_11     0x9d006360        0x8 /home/gombe/workspace/machikania/origdev/pic32/compiler/pic32-tools/bin/../lib/gcc/pic32mx/4.5.2/../../../../pic32mx/lib/libpic32.a(vector11.o)
                0x9d006360                __vector_dispatch_11
                0x00000001                ASSERT (((_vector_spacing == 0x0) || (SIZEOF (.vector_11) <= (_vector_spacing << 0x5))), function at exception vector 11 too large)

.vector_12      0x9d006380        0x8
 *(.vector_12)
 .vector_12     0x9d006380        0x8 /home/gombe/workspace/machikania/origdev/pic32/compiler/pic32-tools/bin/../lib/gcc/pic32mx/4.5.2/../../../../pic32mx/lib/libpic32.a(vector12.o)
                0x9d006380                __vector_dispatch_12
                0x00000001                ASSERT (((_vector_spacing == 0x0) || (SIZEOF (.vector_12) <= (_vector_spacing << 0x5))), function at exception vector 12 too large)

.vector_13      0x9d0063a0        0x8
 *(.vector_13)
 .vector_13     0x9d0063a0        0x8 /home/gombe/workspace/machikania/origdev/pic32/compiler/pic32-tools/bin/../lib/gcc/pic32mx/4.5.2/../../../../pic32mx/lib/libpic32.a(vector13.o)
                0x9d0063a0                __vector_dispatch_13
                0x00000001                ASSERT (((_vector_spacing == 0x0) || (SIZEOF (.vector_13) <= (_vector_spacing << 0x5))), function at exception vector 13 too large)

.vector_14      0x9d0063c0        0x8
 *(.vector_14)
 .vector_14     0x9d0063c0        0x8 videoout.o
                0x9d0063c0                __vector_dispatch_14
                0x00000001                ASSERT (((_vector_spacing == 0x0) || (SIZEOF (.vector_14) <= (_vector_spacing << 0x5))), function at exception vector 14 too large)

.vector_15      0x9d0063e0        0x8
 *(.vector_15)
 .vector_15     0x9d0063e0        0x8 /home/gombe/workspace/machikania/origdev/pic32/compiler/pic32-tools/bin/../lib/gcc/pic32mx/4.5.2/../../../../pic32mx/lib/libpic32.a(vector15.o)
                0x9d0063e0                __vector_dispatch_15
                0x00000001                ASSERT (((_vector_spacing == 0x0) || (SIZEOF (.vector_15) <= (_vector_spacing << 0x5))), function at exception vector 15 too large)

.vector_16      0x9d006400        0x8
 *(.vector_16)
 .vector_16     0x9d006400        0x8 /home/gombe/workspace/machikania/origdev/pic32/compiler/pic32-tools/bin/../lib/gcc/pic32mx/4.5.2/../../../../pic32mx/lib/libpic32.a(vector16.o)
                0x9d006400                __vector_dispatch_16
                0x00000001                ASSERT (((_vector_spacing == 0x0) || (SIZEOF (.vector_16) <= (_vector_spacing << 0x5))), function at exception vector 16 too large)

.vector_17      0x9d006420        0x8
 *(.vector_17)
 .vector_17     0x9d006420        0x8 /home/gombe/workspace/machikania/origdev/pic32/compiler/pic32-tools/bin/../lib/gcc/pic32mx/4.5.2/../../../../pic32mx/lib/libpic32.a(vector17.o)
                0x9d006420                __vector_dispatch_17
                0x00000001                ASSERT (((_vector_spacing == 0x0) || (SIZEOF (.vector_17) <= (_vector_spacing << 0x5))), function at exception vector 17 too large)

.vector_18      0x9d006440        0x8
 *(.vector_18)
 .vector_18     0x9d006440        0x8 /home/gombe/workspace/machikania/origdev/pic32/compiler/pic32-tools/bin/../lib/gcc/pic32mx/4.5.2/../../../../pic32mx/lib/libpic32.a(vector18.o)
                0x9d006440                __vector_dispatch_18
                0x00000001                ASSERT (((_vector_spacing == 0x0) || (SIZEOF (.vector_18) <= (_vector_spacing << 0x5))), function at exception vector 18 too large)

.vector_19      0x9d006460        0x8
 *(.vector_19)
 .vector_19     0x9d006460        0x8 /home/gombe/workspace/machikania/origdev/pic32/compiler/pic32-tools/bin/../lib/gcc/pic32mx/4.5.2/../../../../pic32mx/lib/libpic32.a(vector19.o)
                0x9d006460                __vector_dispatch_19
                0x00000001                ASSERT (((_vector_spacing == 0x0) || (SIZEOF (.vector_19) <= (_vector_spacing << 0x5))), function at exception vector 19 too large)

.vector_20      0x9d006480        0x8
 *(.vector_20)
 .vector_20     0x9d006480        0x8 ps2keyboard.o
                0x9d006480                __vector_dispatch_20
                0x00000001                ASSERT (((_vector_spacing == 0x0) || (SIZEOF (.vector_20) <= (_vector_spacing << 0x5))), function at exception vector 20 too large)

.vector_21      0x9d0064a0        0x8
 *(.vector_21)
 .vector_21     0x9d0064a0        0x8 /home/gombe/workspace/machikania/origdev/pic32/compiler/pic32-tools/bin/../lib/gcc/pic32mx/4.5.2/../../../../pic32mx/lib/libpic32.a(vector21.o)
                0x9d0064a0                __vector_dispatch_21
                0x00000001                ASSERT (((_vector_spacing == 0x0) || (SIZEOF (.vector_21) <= (_vector_spacing << 0x5))), function at exception vector 21 too large)

.vector_22      0x9d0064c0        0x8
 *(.vector_22)
 .vector_22     0x9d0064c0        0x8 /home/gombe/workspace/machikania/origdev/pic32/compiler/pic32-tools/bin/../lib/gcc/pic32mx/4.5.2/../../../../pic32mx/lib/libpic32.a(vector22.o)
                0x9d0064c0                __vector_dispatch_22
                0x00000001                ASSERT (((_vector_spacing == 0x0) || (SIZEOF (.vector_22) <= (_vector_spacing << 0x5))), function at exception vector 22 too large)

.vector_23      0x9d0064e0        0x8
 *(.vector_23)
 .vector_23     0x9d0064e0        0x8 /home/gombe/workspace/machikania/origdev/pic32/compiler/pic32-tools/bin/../lib/gcc/pic32mx/4.5.2/../../../../pic32mx/lib/libpic32.a(vector23.o)
                0x9d0064e0                __vector_dispatch_23
                0x00000001                ASSERT (((_vector_spacing == 0x0) || (SIZEOF (.vector_23) <= (_vector_spacing << 0x5))), function at exception vector 23 too large)

.vector_24      0x9d006500        0x8
 *(.vector_24)
 .vector_24     0x9d006500        0x8 /home/gombe/workspace/machikania/origdev/pic32/compiler/pic32-tools/bin/../lib/gcc/pic32mx/4.5.2/../../../../pic32mx/lib/libpic32.a(vector24.o)
                0x9d006500                __vector_dispatch_24
                0x00000001                ASSERT (((_vector_spacing == 0x0) || (SIZEOF (.vector_24) <= (_vector_spacing << 0x5))), function at exception vector 24 too large)

.vector_25      0x9d006520        0x8
 *(.vector_25)
 .vector_25     0x9d006520        0x8 /home/gombe/workspace/machikania/origdev/pic32/compiler/pic32-tools/bin/../lib/gcc/pic32mx/4.5.2/../../../../pic32mx/lib/libpic32.a(vector25.o)
                0x9d006520                __vector_dispatch_25
                0x00000001                ASSERT (((_vector_spacing == 0x0) || (SIZEOF (.vector_25) <= (_vector_spacing << 0x5))), function at exception vector 25 too large)

.vector_26      0x9d006540        0x8
 *(.vector_26)
 .vector_26     0x9d006540        0x8 /home/gombe/workspace/machikania/origdev/pic32/compiler/pic32-tools/bin/../lib/gcc/pic32mx/4.5.2/../../../../pic32mx/lib/libpic32.a(vector26.o)
                0x9d006540                __vector_dispatch_26
                0x00000001                ASSERT (((_vector_spacing == 0x0) || (SIZEOF (.vector_26) <= (_vector_spacing << 0x5))), function at exception vector 26 too large)

.vector_27      0x9d006560        0x8
 *(.vector_27)
 .vector_27     0x9d006560        0x8 /home/gombe/workspace/machikania/origdev/pic32/compiler/pic32-tools/bin/../lib/gcc/pic32mx/4.5.2/../../../../pic32mx/lib/libpic32.a(vector27.o)
                0x9d006560                __vector_dispatch_27
                0x00000001                ASSERT (((_vector_spacing == 0x0) || (SIZEOF (.vector_27) <= (_vector_spacing << 0x5))), function at exception vector 27 too large)

.vector_28      0x9d006580        0x8
 *(.vector_28)
 .vector_28     0x9d006580        0x8 /home/gombe/workspace/machikania/origdev/pic32/compiler/pic32-tools/bin/../lib/gcc/pic32mx/4.5.2/../../../../pic32mx/lib/libpic32.a(vector28.o)
                0x9d006580                __vector_dispatch_28
                0x00000001                ASSERT (((_vector_spacing == 0x0) || (SIZEOF (.vector_28) <= (_vector_spacing << 0x5))), function at exception vector 28 too large)

.vector_29      0x9d0065a0        0x8
 *(.vector_29)
 .vector_29     0x9d0065a0        0x8 /home/gombe/workspace/machikania/origdev/pic32/compiler/pic32-tools/bin/../lib/gcc/pic32mx/4.5.2/../../../../pic32mx/lib/libpic32.a(vector29.o)
                0x9d0065a0                __vector_dispatch_29
                0x00000001                ASSERT (((_vector_spacing == 0x0) || (SIZEOF (.vector_29) <= (_vector_spacing << 0x5))), function at exception vector 29 too large)

.vector_30      0x9d0065c0        0x8
 *(.vector_30)
 .vector_30     0x9d0065c0        0x8 /home/gombe/workspace/machikania/origdev/pic32/compiler/pic32-tools/bin/../lib/gcc/pic32mx/4.5.2/../../../../pic32mx/lib/libpic32.a(vector30.o)
                0x9d0065c0                __vector_dispatch_30
                0x00000001                ASSERT (((_vector_spacing == 0x0) || (SIZEOF (.vector_30) <= (_vector_spacing << 0x5))), function at exception vector 30 too large)

.vector_31      0x9d0065e0        0x8
 *(.vector_31)
 .vector_31     0x9d0065e0        0x8 /home/gombe/workspace/machikania/origdev/pic32/compiler/pic32-tools/bin/../lib/gcc/pic32mx/4.5.2/../../../../pic32mx/lib/libpic32.a(vector31.o)
                0x9d0065e0                __vector_dispatch_31
                0x00000001                ASSERT (((_vector_spacing == 0x0) || (SIZEOF (.vector_31) <= (_vector_spacing << 0x5))), function at exception vector 31 too large)

.vector_32      0x9d006600        0x8
 *(.vector_32)
 .vector_32     0x9d006600        0x8 /home/gombe/workspace/machikania/origdev/pic32/compiler/pic32-tools/bin/../lib/gcc/pic32mx/4.5.2/../../../../pic32mx/lib/libpic32.a(vector32.o)
                0x9d006600                __vector_dispatch_32
                0x00000001                ASSERT (((_vector_spacing == 0x0) || (SIZEOF (.vector_32) <= (_vector_spacing << 0x5))), function at exception vector 32 too large)

.vector_33      0x9d006620        0x8
 *(.vector_33)
 .vector_33     0x9d006620        0x8 /home/gombe/workspace/machikania/origdev/pic32/compiler/pic32-tools/bin/../lib/gcc/pic32mx/4.5.2/../../../../pic32mx/lib/libpic32.a(vector33.o)
                0x9d006620                __vector_dispatch_33
                0x00000001                ASSERT (((_vector_spacing == 0x0) || (SIZEOF (.vector_33) <= (_vector_spacing << 0x5))), function at exception vector 33 too large)

.vector_34      0x9d006640        0x8
 *(.vector_34)
 .vector_34     0x9d006640        0x8 ps2keyboard.o
                0x9d006640                __vector_dispatch_34
                0x00000001                ASSERT (((_vector_spacing == 0x0) || (SIZEOF (.vector_34) <= (_vector_spacing << 0x5))), function at exception vector 34 too large)

.vector_35      0x9d006660        0x8
 *(.vector_35)
 .vector_35     0x9d006660        0x8 /home/gombe/workspace/machikania/origdev/pic32/compiler/pic32-tools/bin/../lib/gcc/pic32mx/4.5.2/../../../../pic32mx/lib/libpic32.a(vector35.o)
                0x9d006660                __vector_dispatch_35
                0x00000001                ASSERT (((_vector_spacing == 0x0) || (SIZEOF (.vector_35) <= (_vector_spacing << 0x5))), function at exception vector 35 too large)

.vector_36      0x9d006680        0x8
 *(.vector_36)
 .vector_36     0x9d006680        0x8 /home/gombe/workspace/machikania/origdev/pic32/compiler/pic32-tools/bin/../lib/gcc/pic32mx/4.5.2/../../../../pic32mx/lib/libpic32.a(vector36.o)
                0x9d006680                __vector_dispatch_36
                0x00000001                ASSERT (((_vector_spacing == 0x0) || (SIZEOF (.vector_36) <= (_vector_spacing << 0x5))), function at exception vector 36 too large)

.vector_37      0x9d0066a0        0x8
 *(.vector_37)
 .vector_37     0x9d0066a0        0x8 /home/gombe/workspace/machikania/origdev/pic32/compiler/pic32-tools/bin/../lib/gcc/pic32mx/4.5.2/../../../../pic32mx/lib/libpic32.a(vector37.o)
                0x9d0066a0                __vector_dispatch_37
                0x00000001                ASSERT (((_vector_spacing == 0x0) || (SIZEOF (.vector_37) <= (_vector_spacing << 0x5))), function at exception vector 37 too large)

.vector_38      0x9d0066c0        0x8
 *(.vector_38)
 .vector_38     0x9d0066c0        0x8 /home/gombe/workspace/machikania/origdev/pic32/compiler/pic32-tools/bin/../lib/gcc/pic32mx/4.5.2/../../../../pic32mx/lib/libpic32.a(vector38.o)
                0x9d0066c0                __vector_dispatch_38
                0x00000001                ASSERT (((_vector_spacing == 0x0) || (SIZEOF (.vector_38) <= (_vector_spacing << 0x5))), function at exception vector 38 too large)

.vector_39      0x9d0066e0        0x8
 *(.vector_39)
 .vector_39     0x9d0066e0        0x8 /home/gombe/workspace/machikania/origdev/pic32/compiler/pic32-tools/bin/../lib/gcc/pic32mx/4.5.2/../../../../pic32mx/lib/libpic32.a(vector39.o)
                0x9d0066e0                __vector_dispatch_39
                0x00000001                ASSERT (((_vector_spacing == 0x0) || (SIZEOF (.vector_39) <= (_vector_spacing << 0x5))), function at exception vector 39 too large)

.vector_40      0x9d006700        0x8
 *(.vector_40)
 .vector_40     0x9d006700        0x8 /home/gombe/workspace/machikania/origdev/pic32/compiler/pic32-tools/bin/../lib/gcc/pic32mx/4.5.2/../../../../pic32mx/lib/libpic32.a(vector40.o)
                0x9d006700                __vector_dispatch_40
                0x00000001                ASSERT (((_vector_spacing == 0x0) || (SIZEOF (.vector_40) <= (_vector_spacing << 0x5))), function at exception vector 40 too large)

.vector_41      0x9d006720        0x8
 *(.vector_41)
 .vector_41     0x9d006720        0x8 /home/gombe/workspace/machikania/origdev/pic32/compiler/pic32-tools/bin/../lib/gcc/pic32mx/4.5.2/../../../../pic32mx/lib/libpic32.a(vector41.o)
                0x9d006720                __vector_dispatch_41
                0x00000001                ASSERT (((_vector_spacing == 0x0) || (SIZEOF (.vector_41) <= (_vector_spacing << 0x5))), function at exception vector 41 too large)

.vector_42      0x9d006740        0x8
 *(.vector_42)
 .vector_42     0x9d006740        0x8 /home/gombe/workspace/machikania/origdev/pic32/compiler/pic32-tools/bin/../lib/gcc/pic32mx/4.5.2/../../../../pic32mx/lib/libpic32.a(vector42.o)
                0x9d006740                __vector_dispatch_42
                0x00000001                ASSERT (((_vector_spacing == 0x0) || (SIZEOF (.vector_42) <= (_vector_spacing << 0x5))), function at exception vector 42 too large)

.vector_43      0x9d006760        0x8
 *(.vector_43)
 .vector_43     0x9d006760        0x8 /home/gombe/workspace/machikania/origdev/pic32/compiler/pic32-tools/bin/../lib/gcc/pic32mx/4.5.2/../../../../pic32mx/lib/libpic32.a(vector43.o)
                0x9d006760                __vector_dispatch_43
                0x00000001                ASSERT (((_vector_spacing == 0x0) || (SIZEOF (.vector_43) <= (_vector_spacing << 0x5))), function at exception vector 43 too large)

.vector_44      0x9d006780        0x8
 *(.vector_44)
 .vector_44     0x9d006780        0x8 /home/gombe/workspace/machikania/origdev/pic32/compiler/pic32-tools/bin/../lib/gcc/pic32mx/4.5.2/../../../../pic32mx/lib/libpic32.a(vector44.o)
                0x9d006780                __vector_dispatch_44
                0x00000001                ASSERT (((_vector_spacing == 0x0) || (SIZEOF (.vector_44) <= (_vector_spacing << 0x5))), function at exception vector 44 too large)

.vector_45      0x9d0067a0        0x8
 *(.vector_45)
 .vector_45     0x9d0067a0        0x8 /home/gombe/workspace/machikania/origdev/pic32/compiler/pic32-tools/bin/../lib/gcc/pic32mx/4.5.2/../../../../pic32mx/lib/libpic32.a(vector45.o)
                0x9d0067a0                __vector_dispatch_45
                0x00000001                ASSERT (((_vector_spacing == 0x0) || (SIZEOF (.vector_45) <= (_vector_spacing << 0x5))), function at exception vector 45 too large)

.vector_46      0x9d0067c0        0x8
 *(.vector_46)
 .vector_46     0x9d0067c0        0x8 /home/gombe/workspace/machikania/origdev/pic32/compiler/pic32-tools/bin/../lib/gcc/pic32mx/4.5.2/../../../../pic32mx/lib/libpic32.a(vector46.o)
                0x9d0067c0                __vector_dispatch_46
                0x00000001                ASSERT (((_vector_spacing == 0x0) || (SIZEOF (.vector_46) <= (_vector_spacing << 0x5))), function at exception vector 46 too large)

.vector_47      0x9d0067e0        0x8
 *(.vector_47)
 .vector_47     0x9d0067e0        0x8 /home/gombe/workspace/machikania/origdev/pic32/compiler/pic32-tools/bin/../lib/gcc/pic32mx/4.5.2/../../../../pic32mx/lib/libpic32.a(vector47.o)
                0x9d0067e0                __vector_dispatch_47
                0x00000001                ASSERT (((_vector_spacing == 0x0) || (SIZEOF (.vector_47) <= (_vector_spacing << 0x5))), function at exception vector 47 too large)

.vector_48      0x9d006800        0x8
 *(.vector_48)
 .vector_48     0x9d006800        0x8 /home/gombe/workspace/machikania/origdev/pic32/compiler/pic32-tools/bin/../lib/gcc/pic32mx/4.5.2/../../../../pic32mx/lib/libpic32.a(vector48.o)
                0x9d006800                __vector_dispatch_48
                0x00000001                ASSERT (((_vector_spacing == 0x0) || (SIZEOF (.vector_48) <= (_vector_spacing << 0x5))), function at exception vector 48 too large)

.vector_49      0x9d006820        0x8
 *(.vector_49)
 .vector_49     0x9d006820        0x8 /home/gombe/workspace/machikania/origdev/pic32/compiler/pic32-tools/bin/../lib/gcc/pic32mx/4.5.2/../../../../pic32mx/lib/libpic32.a(vector49.o)
                0x9d006820                __vector_dispatch_49
                0x00000001                ASSERT (((_vector_spacing == 0x0) || (SIZEOF (.vector_49) <= (_vector_spacing << 0x5))), function at exception vector 49 too large)

.vector_50      0x9d006840        0x8
 *(.vector_50)
 .vector_50     0x9d006840        0x8 /home/gombe/workspace/machikania/origdev/pic32/compiler/pic32-tools/bin/../lib/gcc/pic32mx/4.5.2/../../../../pic32mx/lib/libpic32.a(vector50.o)
                0x9d006840                __vector_dispatch_50
                0x00000001                ASSERT (((_vector_spacing == 0x0) || (SIZEOF (.vector_50) <= (_vector_spacing << 0x5))), function at exception vector 50 too large)

.vector_51      0x9d006860        0x8
 *(.vector_51)
 .vector_51     0x9d006860        0x8 /home/gombe/workspace/machikania/origdev/pic32/compiler/pic32-tools/bin/../lib/gcc/pic32mx/4.5.2/../../../../pic32mx/lib/libpic32.a(vector51.o)
                0x9d006860                __vector_dispatch_51
                0x00000001                ASSERT (((_vector_spacing == 0x0) || (SIZEOF (.vector_51) <= (_vector_spacing << 0x5))), function at exception vector 51 too large)

.vector_52      0x9d006880        0x8
 *(.vector_52)
 .vector_52     0x9d006880        0x8 /home/gombe/workspace/machikania/origdev/pic32/compiler/pic32-tools/bin/../lib/gcc/pic32mx/4.5.2/../../../../pic32mx/lib/libpic32.a(vector52.o)
                0x9d006880                __vector_dispatch_52
                0x00000001                ASSERT (((_vector_spacing == 0x0) || (SIZEOF (.vector_52) <= (_vector_spacing << 0x5))), function at exception vector 52 too large)

.vector_53      0x9d0068a0        0x8
 *(.vector_53)
 .vector_53     0x9d0068a0        0x8 /home/gombe/workspace/machikania/origdev/pic32/compiler/pic32-tools/bin/../lib/gcc/pic32mx/4.5.2/../../../../pic32mx/lib/libpic32.a(vector53.o)
                0x9d0068a0                __vector_dispatch_53
                0x00000001                ASSERT (((_vector_spacing == 0x0) || (SIZEOF (.vector_53) <= (_vector_spacing << 0x5))), function at exception vector 53 too large)

.vector_54      0x9d0068c0        0x8
 *(.vector_54)
 .vector_54     0x9d0068c0        0x8 /home/gombe/workspace/machikania/origdev/pic32/compiler/pic32-tools/bin/../lib/gcc/pic32mx/4.5.2/../../../../pic32mx/lib/libpic32.a(vector54.o)
                0x9d0068c0                __vector_dispatch_54
                0x00000001                ASSERT (((_vector_spacing == 0x0) || (SIZEOF (.vector_54) <= (_vector_spacing << 0x5))), function at exception vector 54 too large)

.vector_55      0x9d0068e0        0x8
 *(.vector_55)
 .vector_55     0x9d0068e0        0x8 /home/gombe/workspace/machikania/origdev/pic32/compiler/pic32-tools/bin/../lib/gcc/pic32mx/4.5.2/../../../../pic32mx/lib/libpic32.a(vector55.o)
                0x9d0068e0                __vector_dispatch_55
                0x00000001                ASSERT (((_vector_spacing == 0x0) || (SIZEOF (.vector_55) <= (_vector_spacing << 0x5))), function at exception vector 55 too large)

.vector_56      0x9d006900        0x8
 *(.vector_56)
 .vector_56     0x9d006900        0x8 /home/gombe/workspace/machikania/origdev/pic32/compiler/pic32-tools/bin/../lib/gcc/pic32mx/4.5.2/../../../../pic32mx/lib/libpic32.a(vector56.o)
                0x9d006900                __vector_dispatch_56
                0x00000001                ASSERT (((_vector_spacing == 0x0) || (SIZEOF (.vector_56) <= (_vector_spacing << 0x5))), function at exception vector 56 too large)

.vector_57      0x9d006920        0x8
 *(.vector_57)
 .vector_57     0x9d006920        0x8 /home/gombe/workspace/machikania/origdev/pic32/compiler/pic32-tools/bin/../lib/gcc/pic32mx/4.5.2/../../../../pic32mx/lib/libpic32.a(vector57.o)
                0x9d006920                __vector_dispatch_57
                0x00000001                ASSERT (((_vector_spacing == 0x0) || (SIZEOF (.vector_57) <= (_vector_spacing << 0x5))), function at exception vector 57 too large)

.vector_58      0x9d006940        0x8
 *(.vector_58)
 .vector_58     0x9d006940        0x8 /home/gombe/workspace/machikania/origdev/pic32/compiler/pic32-tools/bin/../lib/gcc/pic32mx/4.5.2/../../../../pic32mx/lib/libpic32.a(vector58.o)
                0x9d006940                __vector_dispatch_58
                0x00000001                ASSERT (((_vector_spacing == 0x0) || (SIZEOF (.vector_58) <= (_vector_spacing << 0x5))), function at exception vector 58 too large)

.vector_59      0x9d006960        0x8
 *(.vector_59)
 .vector_59     0x9d006960        0x8 /home/gombe/workspace/machikania/origdev/pic32/compiler/pic32-tools/bin/../lib/gcc/pic32mx/4.5.2/../../../../pic32mx/lib/libpic32.a(vector59.o)
                0x9d006960                __vector_dispatch_59
                0x00000001                ASSERT (((_vector_spacing == 0x0) || (SIZEOF (.vector_59) <= (_vector_spacing << 0x5))), function at exception vector 59 too large)

.vector_60      0x9d006980        0x8
 *(.vector_60)
 .vector_60     0x9d006980        0x8 /home/gombe/workspace/machikania/origdev/pic32/compiler/pic32-tools/bin/../lib/gcc/pic32mx/4.5.2/../../../../pic32mx/lib/libpic32.a(vector60.o)
                0x9d006980                __vector_dispatch_60
                0x00000001                ASSERT (((_vector_spacing == 0x0) || (SIZEOF (.vector_60) <= (_vector_spacing << 0x5))), function at exception vector 60 too large)

.vector_61      0x9d0069a0        0x8
 *(.vector_61)
 .vector_61     0x9d0069a0        0x8 /home/gombe/workspace/machikania/origdev/pic32/compiler/pic32-tools/bin/../lib/gcc/pic32mx/4.5.2/../../../../pic32mx/lib/libpic32.a(vector61.o)
                0x9d0069a0                __vector_dispatch_61
                0x00000001                ASSERT (((_vector_spacing == 0x0) || (SIZEOF (.vector_61) <= (_vector_spacing << 0x5))), function at exception vector 61 too large)

.vector_62      0x9d0069c0        0x8
 *(.vector_62)
 .vector_62     0x9d0069c0        0x8 /home/gombe/workspace/machikania/origdev/pic32/compiler/pic32-tools/bin/../lib/gcc/pic32mx/4.5.2/../../../../pic32mx/lib/libpic32.a(vector62.o)
                0x9d0069c0                __vector_dispatch_62
                0x00000001                ASSERT (((_vector_spacing == 0x0) || (SIZEOF (.vector_62) <= (_vector_spacing << 0x5))), function at exception vector 62 too large)

.vector_63      0x9d0069e0        0x8
 *(.vector_63)
 .vector_63     0x9d0069e0        0x8 /home/gombe/workspace/machikania/origdev/pic32/compiler/pic32-tools/bin/../lib/gcc/pic32mx/4.5.2/../../../../pic32mx/lib/libpic32.a(vector63.o)
                0x9d0069e0                __vector_dispatch_63
                0x00000001                ASSERT (((_vector_spacing == 0x0) || (SIZEOF (.vector_63) <= (_vector_spacing << 0x5))), function at exception vector 63 too large)

.startup
 *(.startup)

.text           0x9d007490        0x0
 *(.stub .gnu.linkonce.t.*)
 *(.text.*personality*)
 *(.mips16.fn.*)
 *(.mips16.call.*)
 *(.gnu.warning)
                0x9d007490                . = ALIGN (0x4)

.init           0x9d007490       0x14
 *crti.o(.init)
 *crtbegin.o(.init)
 *(EXCLUDE_FILE(*crtn.o *crtend?.o *crtend.o) .init)
 .init          0x9d007490        0xc /tmp/ccW45avG.o
 .init          0x9d00749c        0x8 /tmp/ccM1mPsX.o
                0x9d00749c                _init
 *crtend.o(.init)
 *crtn.o(.init)
                0x9d0074a4                . = ALIGN (0x4)

.fini           0x9d0074a4       0x14
 *(.fini)
 .fini          0x9d0074a4        0xc /tmp/ccW45avG.o
 .fini          0x9d0074b0        0x8 /tmp/ccM1mPsX.o
                0x9d0074b0                _fini
                0x9d0074b8                . = ALIGN (0x4)

.preinit_array  0x9d0074b8        0x0
                0x9d0074b8                PROVIDE (__preinit_array_start, .)
 *(.preinit_array)
                0x9d0074b8                PROVIDE (__preinit_array_end, .)
                0x9d0074b8                . = ALIGN (0x4)

.init_array     0x9d0074b8        0x0
                0x9d0074b8                PROVIDE (__init_array_start, .)
 *(SORT(.init_array.*))
 *(.init_array)
                0x9d0074b8                PROVIDE (__init_array_end, .)
                0x9d0074b8                . = ALIGN (0x4)

.fini_array     0x9d0074b8        0x0
                0x9d0074b8                PROVIDE (__fini_array_start, .)
 *(SORT(.fini_array.*))
 *(.fini_array)
                0x9d0074b8                PROVIDE (__fini_array_end, .)
                0x9d0074b8                . = ALIGN (0x4)

.ctors          0x9d0074b8        0x0
 *crtbegin.o(.ctors)
 *crtbegin?.o(.ctors)
 *(EXCLUDE_FILE(*crtend?.o *crtend.o) .ctors)
 *(SORT(.ctors.*))
 *(.ctors)
                0x9d0074b8                . = ALIGN (0x4)

.dtors          0x9d0074b8        0x0
 *crtbegin.o(.dtors)
 *crtbegin?.o(.dtors)
 *(EXCLUDE_FILE(*crtend?.o *crtend.o) .dtors)
 *(SORT(.dtors.*))
 *(.dtors)
                0x9d0074b8                . = ALIGN (0x4)

.rodata         0x9d0074b8        0x0
 *(.gnu.linkonce.r.*)
 *(.rodata1)
                0x9d0074b8                . = ALIGN (0x4)

.sdata2         0x9d0074b8        0x0
 *(.sdata2 .sdata2.* .gnu.linkonce.s2.*)
                0x9d0074b8                . = ALIGN (0x4)

.sbss2          0x9d0074b8        0x0
 *(.sbss2 .sbss2.* .gnu.linkonce.sb2.*)
                0x9d0074b8                . = ALIGN (0x4)

.eh_frame_hdr
 *(.eh_frame_hdr)
                0x9d0074b8                . = ALIGN (0x4)

.eh_frame
 *(.eh_frame)
                0x9d0074b8                . = ALIGN (0x4)

.gcc_except_table
 *(.gcc_except_table .gcc_except_table.*)
                0x9d0074b8                . = ALIGN (0x4)

.dbg_data       0xa0000000        0x0
                0xa0000000                . = (. + DEFINED (_DEBUGGER)?0x200:0x0)

.jcr            0xa0000000        0x0
 *(.jcr)
                0xa0000000                . = ALIGN (0x4)

.eh_frame
 *(.eh_frame)
                0xa0000000                . = ALIGN (0x4)

.gcc_except_table
 *(.gcc_except_table .gcc_except_table.*)
                0xa0000000                . = ALIGN (0x4)

.persist        0xa0000000        0x0
                0xa0000000                _persist_begin = .
 *(.persist .persist.*)
 *(.pbss .pbss.*)
                0xa0000000                . = ALIGN (0x4)
                0xa0000000                _persist_end = .

.data           0xa0000000        0x0
 *(.gnu.linkonce.d.*)
 *(.data1)
                0xa0000000                . = ALIGN (0x4)
                0xa0000000                . = .
                0xa0007ff0                _gp = (ALIGN (0x10) + 0x7ff0)

.got            0xa0000000        0x0
 *(.got.plt)
 *(.got)
                0xa0000000                . = ALIGN (0x4)

.sdata          0xa0000000       0x78
                0xa0000000                _sdata_begin = .
 *(.sdata .sdata.* .gnu.linkonce.s.*)
 .sdata         0xa0000000       0x54 smlrc.o
                0xa0000000                LineNo
                0xa0000004                LinePos
                0xa0000008                GenExterns
                0xa000000c                UseBss
                0xa0000010                UseLeadingUnderscores
                0xa0000014                FileHeader
                0xa0000018                CharIsSigned
                0xa000001c                SizeOfWord
                0xa0000020                LabelCnt
                0xa0000024                PrepDontSkipTokens
                0xa0000028                CodeHeaderFooter
                0xa0000030                DataHeaderFooter
                0xa0000038                RoDataHeaderFooter
                0xa0000040                BssHeaderFooter
                0xa0000048                GenWreg
 .sdata         0xa0000054       0x14 as.o
                0xa0000054                mode_reorder
                0xa0000058                mode_at
                0xa000005c                outfile
                0xa0000060                tfilename
 .sdata         0xa0000068        0x8 ld.o
                0xa0000068                delarg
                0xa000006c                gpoffset
 .sdata         0xa0000070        0x1 sd.o
 *fill*         0xa0000071        0x3 
 .sdata.__ctype_ptr__.__ctype_ptr__
                0xa0000074        0x4 /home/gombe/workspace/machikania/origdev/pic32/compiler/pic32-tools/bin/../lib/gcc/pic32mx/4.5.2/../../../../pic32mx/lib/libc.a(lib_a-ctype_.o)
                0xa0000074                __ctype_ptr__
                0xa0000078                . = ALIGN (0x4)
                0xa0000078                _sdata_end = .

.lit8
 *(.lit8)

.lit4
 *(.lit4)
                0xa0000078                . = ALIGN (0x4)
                0xa0000078                _data_end = .
                0xa0000078                _bss_begin = .

.sbss           0xa0000078      0x108
                0xa0000078                _sbss_begin = .
 *(.dynsbss)
 *(.sbss .sbss.* .gnu.linkonce.sb.*)
 .sbss          0xa0000078        0x4 smlrc.o
 .sbss          0xa000007c        0xc ff.o
 .sbss          0xa0000088        0x4 ff_wrap.o
                0xa0000088                up_to_files
 .sbss          0xa000008c        0x4 xprintf.o
 .sbss          0xa0000090        0x8 umm_malloc.o
                0xa0000090                umm_heap
                0xa0000094                umm_numblocks
 .sbss          0xa0000098        0x4 aoutloader.o
 .sbss          0xa000009c        0xc sd.o
 *(.scommon)
 .scommon       0xa00000a8       0x24 smlrc.o
                0xa00000a8                GenLeaf
                0xa00000ac                GenRreg
                0xa00000b0                br
                0xa00000b4                GenLreg
                0xa00000b8                CanUseTempRegs
                0xa00000bc                CurHeaderFooter
                0xa00000c0                GenPrologPos
                0xa00000c4                TempsUsed
                0xa00000c8                OutputFormat
 .scommon       0xa00000cc        0xc ff_wrap.o
                0xa00000cc                no_sd
                0xa00000d0                usingfile
                0xa00000d4                files
 .scommon       0xa00000d8        0x8 xprintf.o
                0xa00000d8                xfunc_in
                0xa00000dc                xfunc_out
 .scommon       0xa00000e0        0x4 main.o
                0xa00000e0                RAM
 .scommon       0xa00000e4       0x3c ps2keyboard.o
                0xa00000e4                dma_readpt
                0xa00000e8                ps2receiveError
                0xa00000e9                ps2sendError
                0xa00000ea                keytype
                0xa00000ec                ps2sendcomdata
                0xa00000f0                ps2sending
                0xa00000f1                ps2receivecommand
                0xa00000f2                ps2status
                0xa00000f4                ps2shiftkey_a
                0xa00000f6                senddata
                0xa00000f8                ps2sendcombyte
                0xa00000f9                sendcount
                0xa00000fa                ps2shiftkey
                0xa00000fc                ps2receivetime
                0xa0000100                vkey
                0xa0000104                keycodebufp2
                0xa0000108                receivedata
                0xa0000109                ps2receivecommandflag
                0xa000010a                receivecount
                0xa000010c                ps2statuscount
                0xa0000110                scancodebufp2
                0xa0000114                lockkey
                0xa0000118                scancodebufp1
                0xa000011c                keycodebufp1
 .scommon       0xa0000120       0x1c videoout.o
                0xa0000120                drawcount
                0xa0000124                VRAMp
                0xa0000128                bgcolor
                0xa000012c                twidth
                0xa000012d                graphmode
                0xa000012e                LineCount
                0xa0000130                drawing
                0xa0000134                gVRAM
                0xa0000138                fontp
 .scommon       0xa000013c        0x8 textvideolib.o
                0xa000013c                cursorcolor
                0xa0000140                cursor
 .scommon       0xa0000144        0x6 as.o
                0xa0000144                g_as
                0xa0000148                unch
                0xa0000149                check
 *fill*         0xa000014a        0x2 
 .scommon       0xa000014c       0x28 ld.o
                0xa000014c                soutb
                0xa0000150                droutb
                0xa0000154                basaddr
                0xa0000158                g_ld
                0xa000015c                toutb
                0xa0000160                doutb
                0xa0000164                text
                0xa0000168                reloc
                0xa000016c                outb
                0xa0000170                troutb
 .scommon       0xa0000174        0x4 umm_malloc.o
                0xa0000174                test_umm_heap
 .scommon       0xa0000178        0x4 aoutloader.o
                0xa0000178                g_end_addr
 .scommon       0xa000017c        0x4 keyinput.o
                0xa000017c                blinktimer
                0xa000017d                insertmode
                0xa000017e                blinkcolor
                0xa000017f                blinkchar
                0xa0000180                _sbss_end = .
                0xa0000180                . = ALIGN (0x4)

.bss            0xa0000180     0x1640
 *(.dynbss)
 *(COMMON)
 COMMON         0xa0000180       0xb5 smlrc.o
                0xa0000180                ConstDigits
                0xa00001f0                ConstBinDigits
 *fill*         0xa0000235        0x3 
 COMMON         0xa0000238      0x468 ff_wrap.o
                0xa0000238                fs
 COMMON         0xa00006a0      0x140 ps2keyboard.o
                0xa00006a0                scancodebuf
                0xa00006b0                keycodebuf
                0xa00006d0                ps2keystatus
                0xa00007d0                keyboard_rcvdata
 COMMON         0xa00007e0      0xd71 videoout.o
                0xa00007e0                ClTable
                0xa0000be0                gClTable
                0xa0000ce0                TVRAM
 *fill*         0xa0001551        0x3 
 COMMON         0xa0001554       0x38 ld.o
                0xa0001554                archdr
                0xa000156c                filhdr
 COMMON         0xa000158c      0x234 sd.o
                0xa000158c                sdfs
                0xa00017c0                . = ALIGN ((. != 0x0)?0x4:0x1)
                0xa00017c0                . = ALIGN (0x4)
                0xa00017c0                _end = .
                0xa00017c0                _bss_end = .
                0x00010000                _bmxdudba_address = 0x10000
                0x00010000                _bmxdupba_address = 0x10000

/DISCARD/
 *(.pdr)
 *(.rel.dyn)
 *(.note.GNU-stack)
 *(.note.GNU-stack)
 *(.gnu_debuglink)
 *(.gnu.lto_*)
 *(.discard)

.gptab.sdata
 *(.gptab.data)
 *(.gptab.sdata)

.gptab.sbss
 *(.gptab.bss)
 *(.gptab.sbss)

.mdebug.abi32   0xa00017c0        0x0
 *(.mdebug.abi32)
 .mdebug.abi32  0xa00017c0        0x0 smlrc.o
 .mdebug.abi32  0xa00017c0        0x0 ff.o
 .mdebug.abi32  0xa00017c0        0x0 NVMem.o
 .mdebug.abi32  0xa00017c0        0x0 ff_wrap.o
 .mdebug.abi32  0xa00017c0        0x0 lb.o
 .mdebug.abi32  0xa00017c0        0x0 xprintf.o
 .mdebug.abi32  0xa00017c0        0x0 main.o
 .mdebug.abi32  0xa00017c0        0x0 exception.o
 .mdebug.abi32  0xa00017c0        0x0 ps2keyboard.o
 .mdebug.abi32  0xa00017c0        0x0 videoout.o
 .mdebug.abi32  0xa00017c0        0x0 textvideolib.o
 .mdebug.abi32  0xa00017c0        0x0 as.o
 .mdebug.abi32  0xa00017c0        0x0 ld.o
 .mdebug.abi32  0xa00017c0        0x0 umm_info.o
 .mdebug.abi32  0xa00017c0        0x0 umm_integrity.o
 .mdebug.abi32  0xa00017c0        0x0 umm_malloc.o
 .mdebug.abi32  0xa00017c0        0x0 umm_poison.o
 .mdebug.abi32  0xa00017c0        0x0 aoutloader.o
 .mdebug.abi32  0xa00017c0        0x0 keyinput.o
 .mdebug.abi32  0xa00017c0        0x0 function_table.o
 .mdebug.abi32  0xa00017c0        0x0 cc.o
 .mdebug.abi32  0xa00017c0        0x0 autocomplete.o
 .mdebug.abi32  0xa00017c0        0x0 sd.o
 .mdebug.abi32  0xa00017c0        0x0 flash.o
 .mdebug.abi32  0xa00017c0        0x0 /home/gombe/workspace/machikania/origdev/pic32/compiler/pic32-tools/bin/../lib/gcc/pic32mx/4.5.2/../../../../pic32mx/lib/libmchp_peripheral.a(read_core_timer_lib.o)
 .mdebug.abi32  0xa00017c0        0x0 /home/gombe/workspace/machikania/origdev/pic32/compiler/pic32-tools/bin/../lib/gcc/pic32mx/4.5.2/../../../../pic32mx/lib/libmchp_peripheral.a(write_core_timer_lib.o)
 .mdebug.abi32  0xa00017c0        0x0 /home/gombe/workspace/machikania/origdev/pic32/compiler/pic32-tools/bin/../lib/gcc/pic32mx/4.5.2/../../../../pic32mx/lib/libmchp_peripheral_32MX150F128B.a(soft_reset_lib.o)
 .mdebug.abi32  0xa00017c0        0x0 /home/gombe/workspace/machikania/origdev/pic32/compiler/pic32-tools/bin/../lib/gcc/pic32mx/4.5.2/../../../../pic32mx/lib/libmchp_peripheral_32MX150F128B.a(osc_config_lib.o)
 .mdebug.abi32  0xa00017c0        0x0 /home/gombe/workspace/machikania/origdev/pic32/compiler/pic32-tools/bin/../lib/gcc/pic32mx/4.5.2/../../../../pic32mx/lib/libmchp_peripheral_32MX150F128B.a(int_disable_interrupts_lib.o)
 .mdebug.abi32  0xa00017c0        0x0 /home/gombe/workspace/machikania/origdev/pic32/compiler/pic32-tools/bin/../lib/gcc/pic32mx/4.5.2/../../../../pic32mx/lib/libmchp_peripheral_32MX150F128B.a(int_restore_interrupts_lib.o)
 .mdebug.abi32  0xa00017c0        0x0 /home/gombe/workspace/machikania/origdev/pic32/compiler/pic32-tools/bin/../lib/gcc/pic32mx/4.5.2/../../../../pic32mx/lib/libmchp_peripheral_32MX150F128B.a(int_enable_mv_int_lib.o)
 .mdebug.abi32  0xa00017c0        0x0 /home/gombe/workspace/machikania/origdev/pic32/compiler/pic32-tools/bin/../lib/gcc/pic32mx/4.5.2/../../../../pic32mx/lib/libmchp_peripheral_32MX150F128B.a(spi_getc_spi2_lib_legacy.o)
 .mdebug.abi32  0xa00017c0        0x0 /home/gombe/workspace/machikania/origdev/pic32/compiler/pic32-tools/bin/../lib/gcc/pic32mx/4.5.2/../../../../pic32mx/lib/libmchp_peripheral_32MX150F128B.a(spi_open_spi2_lib_legacy.o)
 .mdebug.abi32  0xa00017c0        0x0 /home/gombe/workspace/machikania/origdev/pic32/compiler/pic32-tools/bin/../lib/gcc/pic32mx/4.5.2/../../../../pic32mx/lib/libmchp_peripheral_32MX150F128B.a(spi_brg_tbl_lib_legacy.o)
 .mdebug.abi32  0xa00017c0        0x0 /home/gombe/workspace/machikania/origdev/pic32/compiler/pic32-tools/bin/../lib/gcc/pic32mx/4.5.2/../../../../pic32mx/lib/libmchp_peripheral_32MX150F128B.a(nvm_write_word_lib.o)
 .mdebug.abi32  0xa00017c0        0x0 /home/gombe/workspace/machikania/origdev/pic32/compiler/pic32-tools/bin/../lib/gcc/pic32mx/4.5.2/../../../../pic32mx/lib/libmchp_peripheral_32MX150F128B.a(int_enable_interrupts_lib.o)
 .mdebug.abi32  0xa00017c0        0x0 /home/gombe/workspace/machikania/origdev/pic32/compiler/pic32-tools/bin/../lib/gcc/pic32mx/4.5.2/../../../../pic32mx/lib/libmchp_peripheral_32MX150F128B.a(nvm_operation_lib.o)
 .mdebug.abi32  0xa00017c0        0x0 /home/gombe/workspace/machikania/origdev/pic32/compiler/pic32-tools/bin/../lib/gcc/pic32mx/4.5.2/libgcc.a(_fixunssfsi.o)
 .mdebug.abi32  0xa00017c0        0x0 /home/gombe/workspace/machikania/origdev/pic32/compiler/pic32-tools/bin/../lib/gcc/pic32mx/4.5.2/libgcc.a(addsf3.o)
 .mdebug.abi32  0xa00017c0        0x0 /home/gombe/workspace/machikania/origdev/pic32/compiler/pic32-tools/bin/../lib/gcc/pic32mx/4.5.2/libgcc.a(divsf3.o)
 .mdebug.abi32  0xa00017c0        0x0 /home/gombe/workspace/machikania/origdev/pic32/compiler/pic32-tools/bin/../lib/gcc/pic32mx/4.5.2/libgcc.a(eqsf2.o)
 .mdebug.abi32  0xa00017c0        0x0 /home/gombe/workspace/machikania/origdev/pic32/compiler/pic32-tools/bin/../lib/gcc/pic32mx/4.5.2/libgcc.a(gesf2.o)
 .mdebug.abi32  0xa00017c0        0x0 /home/gombe/workspace/machikania/origdev/pic32/compiler/pic32-tools/bin/../lib/gcc/pic32mx/4.5.2/libgcc.a(lesf2.o)
 .mdebug.abi32  0xa00017c0        0x0 /home/gombe/workspace/machikania/origdev/pic32/compiler/pic32-tools/bin/../lib/gcc/pic32mx/4.5.2/libgcc.a(mulsf3.o)
 .mdebug.abi32  0xa00017c0        0x0 /home/gombe/workspace/machikania/origdev/pic32/compiler/pic32-tools/bin/../lib/gcc/pic32mx/4.5.2/libgcc.a(subsf3.o)
 .mdebug.abi32  0xa00017c0        0x0 /home/gombe/workspace/machikania/origdev/pic32/compiler/pic32-tools/bin/../lib/gcc/pic32mx/4.5.2/libgcc.a(fixsfsi.o)
 .mdebug.abi32  0xa00017c0        0x0 /home/gombe/workspace/machikania/origdev/pic32/compiler/pic32-tools/bin/../lib/gcc/pic32mx/4.5.2/libgcc.a(floatsisf.o)
 .mdebug.abi32  0xa00017c0        0x0 /home/gombe/workspace/machikania/origdev/pic32/compiler/pic32-tools/bin/../lib/gcc/pic32mx/4.5.2/libgcc.a(floatunsisf.o)
 .mdebug.abi32  0xa00017c0        0x0 /home/gombe/workspace/machikania/origdev/pic32/compiler/pic32-tools/bin/../lib/gcc/pic32mx/4.5.2/../../../../pic32mx/lib/libc.a(lib_a-strcat.o)
 .mdebug.abi32  0xa00017c0        0x0 /home/gombe/workspace/machikania/origdev/pic32/compiler/pic32-tools/bin/../lib/gcc/pic32mx/4.5.2/../../../../pic32mx/lib/libc.a(lib_a-tolower.o)
 .mdebug.abi32  0xa00017c0        0x0 /home/gombe/workspace/machikania/origdev/pic32/compiler/pic32-tools/bin/../lib/gcc/pic32mx/4.5.2/../../../../pic32mx/lib/libc.a(lib_a-ctype_.o)
 .mdebug.abi32  0xa00017c0        0x0 /home/gombe/workspace/machikania/origdev/pic32/compiler/pic32-tools/bin/../lib/gcc/pic32mx/4.5.2/../../../../pic32mx/lib/libpic32.a(default-bootstrap-exception-handler.o)
 .mdebug.abi32  0xa00017c0        0x0 /home/gombe/workspace/machikania/origdev/pic32/compiler/pic32-tools/bin/../lib/gcc/pic32mx/4.5.2/../../../../pic32mx/lib/libpic32.a(default-on-reset.o)
 .mdebug.abi32  0xa00017c0        0x0 /home/gombe/workspace/machikania/origdev/pic32/compiler/pic32-tools/bin/../lib/gcc/pic32mx/4.5.2/../../../../pic32mx/lib/libpic32.a(default-on-bootstrap.o)
 .mdebug.abi32  0xa00017c0        0x0 /home/gombe/workspace/machikania/origdev/pic32/compiler/pic32-tools/bin/../lib/gcc/pic32mx/4.5.2/../../../../pic32mx/lib/libpic32.a(isatty.o)
 .mdebug.abi32  0xa00017c0        0x0 /home/gombe/workspace/machikania/origdev/pic32/compiler/pic32-tools/bin/../lib/gcc/pic32mx/4.5.2/../../../../pic32mx/lib/libpic32.a(defaultinterrupt.o)

.mdebug.abiN32
 *(.mdebug.abiN32)

.mdebug.abi64
 *(.mdebug.abi64)

.mdebug.abiO64
 *(.mdebug.abiO64)

.mdebug.eabi32
 *(.mdebug.eabi32)

.mdebug.eabi64
 *(.mdebug.eabi64)

.gcc_compiled_long32
 *(.gcc_compiled_long32)

.gcc_compiled_long64
 *(.gcc_compiled_long64)

.stab
 *(.stab)

.stabstr
 *(.stabstr)

.stab.excl
 *(.stab.excl)

.stab.exclstr
 *(.stab.exclstr)

.stab.index
 *(.stab.index)

.stab.indexstr
 *(.stab.indexstr)

.comment        0x00000000       0xc5
 *(.comment)
 .comment       0x00000000       0x3b smlrc.o
                                 0x3c (size before relaxing)
 .comment       0x00000000       0x3c ff.o
 .comment       0x00000000       0x3c NVMem.o
 .comment       0x00000000       0x3c ff_wrap.o
 .comment       0x00000000       0x3c lb.o
 .comment       0x00000000       0x3c xprintf.o
 .comment       0x00000000       0x3c main.o
 .comment       0x00000000       0x3c exception.o
 .comment       0x00000000       0x3c ps2keyboard.o
 .comment       0x00000000       0x3c videoout.o
 .comment       0x00000000       0x3c textvideolib.o
 .comment       0x00000000       0x3c as.o
 .comment       0x00000000       0x3c ld.o
 .comment       0x00000000       0x3c umm_info.o
 .comment       0x00000000       0x3c umm_integrity.o
 .comment       0x00000000       0x3c umm_malloc.o
 .comment       0x00000000       0x3c umm_poison.o
 .comment       0x00000000       0x3c aoutloader.o
 .comment       0x00000000       0x3c keyinput.o
 .comment       0x00000000       0x3c function_table.o
 .comment       0x00000000       0x3c cc.o
 .comment       0x00000000       0x3c autocomplete.o
 .comment       0x00000000       0x3c sd.o
 .comment       0x00000000       0x3c flash.o
 .comment       0x0000003b       0x3c /home/gombe/workspace/machikania/origdev/pic32/compiler/pic32-tools/bin/../lib/gcc/pic32mx/4.5.2/../../../../pic32mx/lib/libmchp_peripheral.a(read_core_timer_lib.o)
                                 0x3d (size before relaxing)
 .comment       0x00000000       0x3d /home/gombe/workspace/machikania/origdev/pic32/compiler/pic32-tools/bin/../lib/gcc/pic32mx/4.5.2/../../../../pic32mx/lib/libmchp_peripheral.a(write_core_timer_lib.o)
 .comment       0x00000000       0x3d /home/gombe/workspace/machikania/origdev/pic32/compiler/pic32-tools/bin/../lib/gcc/pic32mx/4.5.2/../../../../pic32mx/lib/libmchp_peripheral_32MX150F128B.a(soft_reset_lib.o)
 .comment       0x00000000       0x3d /home/gombe/workspace/machikania/origdev/pic32/compiler/pic32-tools/bin/../lib/gcc/pic32mx/4.5.2/../../../../pic32mx/lib/libmchp_peripheral_32MX150F128B.a(osc_config_lib.o)
 .comment       0x00000000       0x3d /home/gombe/workspace/machikania/origdev/pic32/compiler/pic32-tools/bin/../lib/gcc/pic32mx/4.5.2/../../../../pic32mx/lib/libmchp_peripheral_32MX150F128B.a(int_disable_interrupts_lib.o)
 .comment       0x00000000       0x3d /home/gombe/workspace/machikania/origdev/pic32/compiler/pic32-tools/bin/../lib/gcc/pic32mx/4.5.2/../../../../pic32mx/lib/libmchp_peripheral_32MX150F128B.a(int_restore_interrupts_lib.o)
 .comment       0x00000000       0x3d /home/gombe/workspace/machikania/origdev/pic32/compiler/pic32-tools/bin/../lib/gcc/pic32mx/4.5.2/../../../../pic32mx/lib/libmchp_peripheral_32MX150F128B.a(int_enable_mv_int_lib.o)
 .comment       0x00000000       0x3d /home/gombe/workspace/machikania/origdev/pic32/compiler/pic32-tools/bin/../lib/gcc/pic32mx/4.5.2/../../../../pic32mx/lib/libmchp_peripheral_32MX150F128B.a(spi_getc_spi2_lib_legacy.o)
 .comment       0x00000000       0x3d /home/gombe/workspace/machikania/origdev/pic32/compiler/pic32-tools/bin/../lib/gcc/pic32mx/4.5.2/../../../../pic32mx/lib/libmchp_peripheral_32MX150F128B.a(spi_open_spi2_lib_legacy.o)
 .comment       0x00000000       0x3d /home/gombe/workspace/machikania/origdev/pic32/compiler/pic32-tools/bin/../lib/gcc/pic32mx/4.5.2/../../../../pic32mx/lib/libmchp_peripheral_32MX150F128B.a(spi_brg_tbl_lib_legacy.o)
 .comment       0x00000000       0x3d /home/gombe/workspace/machikania/origdev/pic32/compiler/pic32-tools/bin/../lib/gcc/pic32mx/4.5.2/../../../../pic32mx/lib/libmchp_peripheral_32MX150F128B.a(nvm_write_word_lib.o)
 .comment       0x00000000       0x3d /home/gombe/workspace/machikania/origdev/pic32/compiler/pic32-tools/bin/../lib/gcc/pic32mx/4.5.2/../../../../pic32mx/lib/libmchp_peripheral_32MX150F128B.a(int_enable_interrupts_lib.o)
 .comment       0x00000000       0x3d /home/gombe/workspace/machikania/origdev/pic32/compiler/pic32-tools/bin/../lib/gcc/pic32mx/4.5.2/../../../../pic32mx/lib/libmchp_peripheral_32MX150F128B.a(nvm_operation_lib.o)
 .comment       0x00000000       0x3c /home/gombe/workspace/machikania/origdev/pic32/compiler/pic32-tools/bin/../lib/gcc/pic32mx/4.5.2/libgcc.a(_fixunssfsi.o)
 .comment       0x00000000       0x3c /home/gombe/workspace/machikania/origdev/pic32/compiler/pic32-tools/bin/../lib/gcc/pic32mx/4.5.2/libgcc.a(addsf3.o)
 .comment       0x00000000       0x3c /home/gombe/workspace/machikania/origdev/pic32/compiler/pic32-tools/bin/../lib/gcc/pic32mx/4.5.2/libgcc.a(divsf3.o)
 .comment       0x00000000       0x3c /home/gombe/workspace/machikania/origdev/pic32/compiler/pic32-tools/bin/../lib/gcc/pic32mx/4.5.2/libgcc.a(eqsf2.o)
 .comment       0x00000000       0x3c /home/gombe/workspace/machikania/origdev/pic32/compiler/pic32-tools/bin/../lib/gcc/pic32mx/4.5.2/libgcc.a(gesf2.o)
 .comment       0x00000000       0x3c /home/gombe/workspace/machikania/origdev/pic32/compiler/pic32-tools/bin/../lib/gcc/pic32mx/4.5.2/libgcc.a(lesf2.o)
 .comment       0x00000000       0x3c /home/gombe/workspace/machikania/origdev/pic32/compiler/pic32-tools/bin/../lib/gcc/pic32mx/4.5.2/libgcc.a(mulsf3.o)
 .comment       0x00000000       0x3c /home/gombe/workspace/machikania/origdev/pic32/compiler/pic32-tools/bin/../lib/gcc/pic32mx/4.5.2/libgcc.a(subsf3.o)
 .comment       0x00000000       0x3c /home/gombe/workspace/machikania/origdev/pic32/compiler/pic32-tools/bin/../lib/gcc/pic32mx/4.5.2/libgcc.a(fixsfsi.o)
 .comment       0x00000000       0x3c /home/gombe/workspace/machikania/origdev/pic32/compiler/pic32-tools/bin/../lib/gcc/pic32mx/4.5.2/libgcc.a(floatsisf.o)
 .comment       0x00000000       0x3c /home/gombe/workspace/machikania/origdev/pic32/compiler/pic32-tools/bin/../lib/gcc/pic32mx/4.5.2/libgcc.a(floatunsisf.o)
 .comment       0x00000000       0x3c /home/gombe/workspace/machikania/origdev/pic32/compiler/pic32-tools/bin/../lib/gcc/pic32mx/4.5.2/../../../../pic32mx/lib/libc.a(lib_a-strcat.o)
 .comment       0x00000000       0x3c /home/gombe/workspace/machikania/origdev/pic32/compiler/pic32-tools/bin/../lib/gcc/pic32mx/4.5.2/../../../../pic32mx/lib/libc.a(lib_a-tolower.o)
 .comment       0x00000000       0x3c /home/gombe/workspace/machikania/origdev/pic32/compiler/pic32-tools/bin/../lib/gcc/pic32mx/4.5.2/../../../../pic32mx/lib/libc.a(lib_a-ctype_.o)
 .comment       0x00000000       0x3c /home/gombe/workspace/machikania/origdev/pic32/compiler/pic32-tools/bin/../lib/gcc/pic32mx/4.5.2/../../../../pic32mx/lib/libpic32.a(default-bootstrap-exception-handler.o)
 .comment       0x00000000       0x3c /home/gombe/workspace/machikania/origdev/pic32/compiler/pic32-tools/bin/../lib/gcc/pic32mx/4.5.2/../../../../pic32mx/lib/libpic32.a(default-on-reset.o)
 .comment       0x00000000       0x3c /home/gombe/workspace/machikania/origdev/pic32/compiler/pic32-tools/bin/../lib/gcc/pic32mx/4.5.2/../../../../pic32mx/lib/libpic32.a(default-on-bootstrap.o)
 .comment       0x00000077       0x4e /home/gombe/workspace/machikania/origdev/pic32/compiler/pic32-tools/bin/../lib/gcc/pic32mx/4.5.2/../../../../pic32mx/lib/libpic32.a(isatty.o)
                                 0x8a (size before relaxing)
 .comment       0x00000000       0x3c /home/gombe/workspace/machikania/origdev/pic32/compiler/pic32-tools/bin/../lib/gcc/pic32mx/4.5.2/../../../../pic32mx/lib/libpic32.a(defaultinterrupt.o)

.debug
 *(.debug)

.line
 *(.line)

.debug_srcinfo
 *(.debug_srcinfo)

.debug_sfnames
 *(.debug_sfnames)

.debug_aranges  0x00000000      0x610
 *(.debug_aranges)
 .debug_aranges
                0x00000000       0x20 smlrc.o
 .debug_aranges
                0x00000020       0x20 ff.o
 .debug_aranges
                0x00000040       0x20 NVMem.o
 .debug_aranges
                0x00000060       0x20 ff_wrap.o
 .debug_aranges
                0x00000080       0x20 lb.o
 .debug_aranges
                0x000000a0       0x20 xprintf.o
 .debug_aranges
                0x000000c0       0x20 main.o
 .debug_aranges
                0x000000e0       0x20 exception.o
 .debug_aranges
                0x00000100       0x20 ps2keyboard.o
 .debug_aranges
                0x00000120       0x20 videoout.o
 .debug_aranges
                0x00000140       0x20 textvideolib.o
 .debug_aranges
                0x00000160       0x20 as.o
 .debug_aranges
                0x00000180       0x20 ld.o
 .debug_aranges
                0x000001a0       0x20 umm_malloc.o
 .debug_aranges
                0x000001c0       0x20 aoutloader.o
 .debug_aranges
                0x000001e0       0x20 keyinput.o
 .debug_aranges
                0x00000200       0x20 function_table.o
 .debug_aranges
                0x00000220       0x20 cc.o
 .debug_aranges
                0x00000240       0x20 autocomplete.o
 .debug_aranges
                0x00000260       0x20 sd.o
 .debug_aranges
                0x00000280       0x20 flash.o
 .debug_aranges
                0x000002a0       0x40 /tmp/ccGnkQyp.o
 .debug_aranges
                0x000002e0       0x28 /tmp/ccW45avG.o
 .debug_aranges
                0x00000308       0x28 /tmp/ccM1mPsX.o
 .debug_aranges
                0x00000330       0x20 /home/gombe/workspace/machikania/origdev/pic32/compiler/pic32-tools/bin/../lib/gcc/pic32mx/4.5.2/../../../../pic32mx/lib/libmchp_peripheral.a(read_core_timer_lib.o)
 .debug_aranges
                0x00000350       0x20 /home/gombe/workspace/machikania/origdev/pic32/compiler/pic32-tools/bin/../lib/gcc/pic32mx/4.5.2/../../../../pic32mx/lib/libmchp_peripheral.a(write_core_timer_lib.o)
 .debug_aranges
                0x00000370       0x20 /home/gombe/workspace/machikania/origdev/pic32/compiler/pic32-tools/bin/../lib/gcc/pic32mx/4.5.2/../../../../pic32mx/lib/libmchp_peripheral_32MX150F128B.a(soft_reset_lib.o)
 .debug_aranges
                0x00000390       0x20 /home/gombe/workspace/machikania/origdev/pic32/compiler/pic32-tools/bin/../lib/gcc/pic32mx/4.5.2/../../../../pic32mx/lib/libmchp_peripheral_32MX150F128B.a(osc_config_lib.o)
 .debug_aranges
                0x000003b0       0x20 /home/gombe/workspace/machikania/origdev/pic32/compiler/pic32-tools/bin/../lib/gcc/pic32mx/4.5.2/../../../../pic32mx/lib/libmchp_peripheral_32MX150F128B.a(int_disable_interrupts_lib.o)
 .debug_aranges
                0x000003d0       0x20 /home/gombe/workspace/machikania/origdev/pic32/compiler/pic32-tools/bin/../lib/gcc/pic32mx/4.5.2/../../../../pic32mx/lib/libmchp_peripheral_32MX150F128B.a(int_restore_interrupts_lib.o)
 .debug_aranges
                0x000003f0       0x20 /home/gombe/workspace/machikania/origdev/pic32/compiler/pic32-tools/bin/../lib/gcc/pic32mx/4.5.2/../../../../pic32mx/lib/libmchp_peripheral_32MX150F128B.a(int_enable_mv_int_lib.o)
 .debug_aranges
                0x00000410       0x20 /home/gombe/workspace/machikania/origdev/pic32/compiler/pic32-tools/bin/../lib/gcc/pic32mx/4.5.2/../../../../pic32mx/lib/libmchp_peripheral_32MX150F128B.a(spi_getc_spi2_lib_legacy.o)
 .debug_aranges
                0x00000430       0x20 /home/gombe/workspace/machikania/origdev/pic32/compiler/pic32-tools/bin/../lib/gcc/pic32mx/4.5.2/../../../../pic32mx/lib/libmchp_peripheral_32MX150F128B.a(spi_open_spi2_lib_legacy.o)
 .debug_aranges
                0x00000450       0x20 /home/gombe/workspace/machikania/origdev/pic32/compiler/pic32-tools/bin/../lib/gcc/pic32mx/4.5.2/../../../../pic32mx/lib/libmchp_peripheral_32MX150F128B.a(nvm_write_word_lib.o)
 .debug_aranges
                0x00000470       0x20 /home/gombe/workspace/machikania/origdev/pic32/compiler/pic32-tools/bin/../lib/gcc/pic32mx/4.5.2/../../../../pic32mx/lib/libmchp_peripheral_32MX150F128B.a(int_enable_interrupts_lib.o)
 .debug_aranges
                0x00000490       0x20 /home/gombe/workspace/machikania/origdev/pic32/compiler/pic32-tools/bin/../lib/gcc/pic32mx/4.5.2/../../../../pic32mx/lib/libmchp_peripheral_32MX150F128B.a(nvm_operation_lib.o)
 .debug_aranges
                0x000004b0       0x20 /home/gombe/workspace/machikania/origdev/pic32/compiler/pic32-tools/bin/../lib/gcc/pic32mx/4.5.2/libgcc.a(_fixunssfsi.o)
 .debug_aranges
                0x000004d0       0x20 /home/gombe/workspace/machikania/origdev/pic32/compiler/pic32-tools/bin/../lib/gcc/pic32mx/4.5.2/libgcc.a(addsf3.o)
 .debug_aranges
                0x000004f0       0x20 /home/gombe/workspace/machikania/origdev/pic32/compiler/pic32-tools/bin/../lib/gcc/pic32mx/4.5.2/libgcc.a(divsf3.o)
 .debug_aranges
                0x00000510       0x20 /home/gombe/workspace/machikania/origdev/pic32/compiler/pic32-tools/bin/../lib/gcc/pic32mx/4.5.2/libgcc.a(eqsf2.o)
 .debug_aranges
                0x00000530       0x20 /home/gombe/workspace/machikania/origdev/pic32/compiler/pic32-tools/bin/../lib/gcc/pic32mx/4.5.2/libgcc.a(gesf2.o)
 .debug_aranges
                0x00000550       0x20 /home/gombe/workspace/machikania/origdev/pic32/compiler/pic32-tools/bin/../lib/gcc/pic32mx/4.5.2/libgcc.a(lesf2.o)
 .debug_aranges
                0x00000570       0x20 /home/gombe/workspace/machikania/origdev/pic32/compiler/pic32-tools/bin/../lib/gcc/pic32mx/4.5.2/libgcc.a(mulsf3.o)
 .debug_aranges
                0x00000590       0x20 /home/gombe/workspace/machikania/origdev/pic32/compiler/pic32-tools/bin/../lib/gcc/pic32mx/4.5.2/libgcc.a(subsf3.o)
 .debug_aranges
                0x000005b0       0x20 /home/gombe/workspace/machikania/origdev/pic32/compiler/pic32-tools/bin/../lib/gcc/pic32mx/4.5.2/libgcc.a(fixsfsi.o)
 .debug_aranges
                0x000005d0       0x20 /home/gombe/workspace/machikania/origdev/pic32/compiler/pic32-tools/bin/../lib/gcc/pic32mx/4.5.2/libgcc.a(floatsisf.o)
 .debug_aranges
                0x000005f0       0x20 /home/gombe/workspace/machikania/origdev/pic32/compiler/pic32-tools/bin/../lib/gcc/pic32mx/4.5.2/libgcc.a(floatunsisf.o)

.debug_pubnames
                0x00000000     0x15a6
 *(.debug_pubnames)
 .debug_pubnames
                0x00000000      0x212 smlrc.o
 .debug_pubnames
                0x00000212      0x18f ff.o
 .debug_pubnames
                0x000003a1       0x7f NVMem.o
 .debug_pubnames
                0x00000420       0xe1 ff_wrap.o
 .debug_pubnames
                0x00000501      0x104 lb.o
 .debug_pubnames
                0x00000605       0xab xprintf.o
 .debug_pubnames
                0x000006b0       0x60 main.o
 .debug_pubnames
                0x00000710       0x5e exception.o
 .debug_pubnames
                0x0000076e      0x3a5 ps2keyboard.o
 .debug_pubnames
                0x00000b13      0x19a videoout.o
 .debug_pubnames
                0x00000cad       0xe2 textvideolib.o
 .debug_pubnames
                0x00000d8f       0xc6 as.o
 .debug_pubnames
                0x00000e55       0xe5 ld.o
 .debug_pubnames
                0x00000f3a       0x8b umm_malloc.o
 .debug_pubnames
                0x00000fc5       0x4f aoutloader.o
 .debug_pubnames
                0x00001014       0xbc keyinput.o
 .debug_pubnames
                0x000010d0       0x24 function_table.o
 .debug_pubnames
                0x000010f4       0x26 cc.o
 .debug_pubnames
                0x0000111a       0x24 autocomplete.o
 .debug_pubnames
                0x0000113e       0xb4 sd.o
 .debug_pubnames
                0x000011f2       0x91 flash.o
 .debug_pubnames
                0x00001283       0x24 /home/gombe/workspace/machikania/origdev/pic32/compiler/pic32-tools/bin/../lib/gcc/pic32mx/4.5.2/../../../../pic32mx/lib/libmchp_peripheral.a(read_core_timer_lib.o)
 .debug_pubnames
                0x000012a7       0x25 /home/gombe/workspace/machikania/origdev/pic32/compiler/pic32-tools/bin/../lib/gcc/pic32mx/4.5.2/../../../../pic32mx/lib/libmchp_peripheral.a(write_core_timer_lib.o)
 .debug_pubnames
                0x000012cc       0x20 /home/gombe/workspace/machikania/origdev/pic32/compiler/pic32-tools/bin/../lib/gcc/pic32mx/4.5.2/../../../../pic32mx/lib/libmchp_peripheral_32MX150F128B.a(soft_reset_lib.o)
 .debug_pubnames
                0x000012ec       0x20 /home/gombe/workspace/machikania/origdev/pic32/compiler/pic32-tools/bin/../lib/gcc/pic32mx/4.5.2/../../../../pic32mx/lib/libmchp_peripheral_32MX150F128B.a(osc_config_lib.o)
 .debug_pubnames
                0x0000130c       0x2b /home/gombe/workspace/machikania/origdev/pic32/compiler/pic32-tools/bin/../lib/gcc/pic32mx/4.5.2/../../../../pic32mx/lib/libmchp_peripheral_32MX150F128B.a(int_disable_interrupts_lib.o)
 .debug_pubnames
                0x00001337       0x2b /home/gombe/workspace/machikania/origdev/pic32/compiler/pic32-tools/bin/../lib/gcc/pic32mx/4.5.2/../../../../pic32mx/lib/libmchp_peripheral_32MX150F128B.a(int_restore_interrupts_lib.o)
 .debug_pubnames
                0x00001362       0x36 /home/gombe/workspace/machikania/origdev/pic32/compiler/pic32-tools/bin/../lib/gcc/pic32mx/4.5.2/../../../../pic32mx/lib/libmchp_peripheral_32MX150F128B.a(int_enable_mv_int_lib.o)
 .debug_pubnames
                0x00001398       0x1f /home/gombe/workspace/machikania/origdev/pic32/compiler/pic32-tools/bin/../lib/gcc/pic32mx/4.5.2/../../../../pic32mx/lib/libmchp_peripheral_32MX150F128B.a(spi_getc_spi2_lib_legacy.o)
 .debug_pubnames
                0x000013b7       0x1f /home/gombe/workspace/machikania/origdev/pic32/compiler/pic32-tools/bin/../lib/gcc/pic32mx/4.5.2/../../../../pic32mx/lib/libmchp_peripheral_32MX150F128B.a(spi_open_spi2_lib_legacy.o)
 .debug_pubnames
                0x000013d6       0x23 /home/gombe/workspace/machikania/origdev/pic32/compiler/pic32-tools/bin/../lib/gcc/pic32mx/4.5.2/../../../../pic32mx/lib/libmchp_peripheral_32MX150F128B.a(nvm_write_word_lib.o)
 .debug_pubnames
                0x000013f9       0x2a /home/gombe/workspace/machikania/origdev/pic32/compiler/pic32-tools/bin/../lib/gcc/pic32mx/4.5.2/../../../../pic32mx/lib/libmchp_peripheral_32MX150F128B.a(int_enable_interrupts_lib.o)
 .debug_pubnames
                0x00001423       0x24 /home/gombe/workspace/machikania/origdev/pic32/compiler/pic32-tools/bin/../lib/gcc/pic32mx/4.5.2/../../../../pic32mx/lib/libmchp_peripheral_32MX150F128B.a(nvm_operation_lib.o)
 .debug_pubnames
                0x00001447       0x23 /home/gombe/workspace/machikania/origdev/pic32/compiler/pic32-tools/bin/../lib/gcc/pic32mx/4.5.2/libgcc.a(_fixunssfsi.o)
 .debug_pubnames
                0x0000146a       0x1f /home/gombe/workspace/machikania/origdev/pic32/compiler/pic32-tools/bin/../lib/gcc/pic32mx/4.5.2/libgcc.a(addsf3.o)
 .debug_pubnames
                0x00001489       0x1f /home/gombe/workspace/machikania/origdev/pic32/compiler/pic32-tools/bin/../lib/gcc/pic32mx/4.5.2/libgcc.a(divsf3.o)
 .debug_pubnames
                0x000014a8       0x1e /home/gombe/workspace/machikania/origdev/pic32/compiler/pic32-tools/bin/../lib/gcc/pic32mx/4.5.2/libgcc.a(eqsf2.o)
 .debug_pubnames
                0x000014c6       0x1e /home/gombe/workspace/machikania/origdev/pic32/compiler/pic32-tools/bin/../lib/gcc/pic32mx/4.5.2/libgcc.a(gesf2.o)
 .debug_pubnames
                0x000014e4       0x1e /home/gombe/workspace/machikania/origdev/pic32/compiler/pic32-tools/bin/../lib/gcc/pic32mx/4.5.2/libgcc.a(lesf2.o)
 .debug_pubnames
                0x00001502       0x1f /home/gombe/workspace/machikania/origdev/pic32/compiler/pic32-tools/bin/../lib/gcc/pic32mx/4.5.2/libgcc.a(mulsf3.o)
 .debug_pubnames
                0x00001521       0x1f /home/gombe/workspace/machikania/origdev/pic32/compiler/pic32-tools/bin/../lib/gcc/pic32mx/4.5.2/libgcc.a(subsf3.o)
 .debug_pubnames
                0x00001540       0x20 /home/gombe/workspace/machikania/origdev/pic32/compiler/pic32-tools/bin/../lib/gcc/pic32mx/4.5.2/libgcc.a(fixsfsi.o)
 .debug_pubnames
                0x00001560       0x22 /home/gombe/workspace/machikania/origdev/pic32/compiler/pic32-tools/bin/../lib/gcc/pic32mx/4.5.2/libgcc.a(floatsisf.o)
 .debug_pubnames
                0x00001582       0x24 /home/gombe/workspace/machikania/origdev/pic32/compiler/pic32-tools/bin/../lib/gcc/pic32mx/4.5.2/libgcc.a(floatunsisf.o)

.debug_info     0x00000000    0x1b58d
 *(.debug_info .gnu.linkonce.wi.*)
 .debug_info    0x00000000     0x68a7 smlrc.o
 .debug_info    0x000068a7     0x23c4 ff.o
 .debug_info    0x00008c6b     0x1239 NVMem.o
 .debug_info    0x00009ea4      0x95f ff_wrap.o
 .debug_info    0x0000a803      0xa2f lb.o
 .debug_info    0x0000b232      0x5e1 xprintf.o
 .debug_info    0x0000b813      0x8e3 main.o
 .debug_info    0x0000c0f6      0x337 exception.o
 .debug_info    0x0000c42d     0x1dfa ps2keyboard.o
 .debug_info    0x0000e227     0x1fdd videoout.o
 .debug_info    0x00010204      0x44d textvideolib.o
 .debug_info    0x00010651     0x1e91 as.o
 .debug_info    0x000124e2     0x1f56 ld.o
 .debug_info    0x00014438        0x0 umm_info.o
 .debug_info    0x00014438        0x0 umm_integrity.o
 .debug_info    0x00014438      0x5fb umm_malloc.o
 .debug_info    0x00014a33        0x0 umm_poison.o
 .debug_info    0x00014a33      0x7c9 aoutloader.o
 .debug_info    0x000151fc      0x2a6 keyinput.o
 .debug_info    0x000154a2      0x5b9 function_table.o
 .debug_info    0x00015a5b      0x366 cc.o
 .debug_info    0x00015dc1      0x849 autocomplete.o
 .debug_info    0x0001660a     0x1b01 sd.o
 .debug_info    0x0001810b      0x587 flash.o
 .debug_info    0x00018692       0x51 /tmp/ccGnkQyp.o
 .debug_info    0x000186e3       0x51 /tmp/ccW45avG.o
 .debug_info    0x00018734       0x51 /tmp/ccM1mPsX.o
 .debug_info    0x00018785       0xaa /home/gombe/workspace/machikania/origdev/pic32/compiler/pic32-tools/bin/../lib/gcc/pic32mx/4.5.2/../../../../pic32mx/lib/libmchp_peripheral.a(read_core_timer_lib.o)
 .debug_info    0x0001882f       0xac /home/gombe/workspace/machikania/origdev/pic32/compiler/pic32-tools/bin/../lib/gcc/pic32mx/4.5.2/../../../../pic32mx/lib/libmchp_peripheral.a(write_core_timer_lib.o)
 .debug_info    0x000188db       0xb2 /home/gombe/workspace/machikania/origdev/pic32/compiler/pic32-tools/bin/../lib/gcc/pic32mx/4.5.2/../../../../pic32mx/lib/libmchp_peripheral_32MX150F128B.a(soft_reset_lib.o)
 .debug_info    0x0001898d       0xc0 /home/gombe/workspace/machikania/origdev/pic32/compiler/pic32-tools/bin/../lib/gcc/pic32mx/4.5.2/../../../../pic32mx/lib/libmchp_peripheral_32MX150F128B.a(osc_config_lib.o)
 .debug_info    0x00018a4d       0xb6 /home/gombe/workspace/machikania/origdev/pic32/compiler/pic32-tools/bin/../lib/gcc/pic32mx/4.5.2/../../../../pic32mx/lib/libmchp_peripheral_32MX150F128B.a(int_disable_interrupts_lib.o)
 .debug_info    0x00018b03       0xb6 /home/gombe/workspace/machikania/origdev/pic32/compiler/pic32-tools/bin/../lib/gcc/pic32mx/4.5.2/../../../../pic32mx/lib/libmchp_peripheral_32MX150F128B.a(int_restore_interrupts_lib.o)
 .debug_info    0x00018bb9       0xbc /home/gombe/workspace/machikania/origdev/pic32/compiler/pic32-tools/bin/../lib/gcc/pic32mx/4.5.2/../../../../pic32mx/lib/libmchp_peripheral_32MX150F128B.a(int_enable_mv_int_lib.o)
 .debug_info    0x00018c75       0xa8 /home/gombe/workspace/machikania/origdev/pic32/compiler/pic32-tools/bin/../lib/gcc/pic32mx/4.5.2/../../../../pic32mx/lib/libmchp_peripheral_32MX150F128B.a(spi_getc_spi2_lib_legacy.o)
 .debug_info    0x00018d1d       0xa8 /home/gombe/workspace/machikania/origdev/pic32/compiler/pic32-tools/bin/../lib/gcc/pic32mx/4.5.2/../../../../pic32mx/lib/libmchp_peripheral_32MX150F128B.a(spi_open_spi2_lib_legacy.o)
 .debug_info    0x00018dc5        0x0 /home/gombe/workspace/machikania/origdev/pic32/compiler/pic32-tools/bin/../lib/gcc/pic32mx/4.5.2/../../../../pic32mx/lib/libmchp_peripheral_32MX150F128B.a(spi_brg_tbl_lib_legacy.o)
 .debug_info    0x00018dc5       0xa6 /home/gombe/workspace/machikania/origdev/pic32/compiler/pic32-tools/bin/../lib/gcc/pic32mx/4.5.2/../../../../pic32mx/lib/libmchp_peripheral_32MX150F128B.a(nvm_write_word_lib.o)
 .debug_info    0x00018e6b       0xb4 /home/gombe/workspace/machikania/origdev/pic32/compiler/pic32-tools/bin/../lib/gcc/pic32mx/4.5.2/../../../../pic32mx/lib/libmchp_peripheral_32MX150F128B.a(int_enable_interrupts_lib.o)
 .debug_info    0x00018f1f       0xc7 /home/gombe/workspace/machikania/origdev/pic32/compiler/pic32-tools/bin/../lib/gcc/pic32mx/4.5.2/../../../../pic32mx/lib/libmchp_peripheral_32MX150F128B.a(nvm_operation_lib.o)
 .debug_info    0x00018fe6      0x25b /home/gombe/workspace/machikania/origdev/pic32/compiler/pic32-tools/bin/../lib/gcc/pic32mx/4.5.2/libgcc.a(_fixunssfsi.o)
 .debug_info    0x00019241      0x42e /home/gombe/workspace/machikania/origdev/pic32/compiler/pic32-tools/bin/../lib/gcc/pic32mx/4.5.2/libgcc.a(addsf3.o)
 .debug_info    0x0001966f      0x473 /home/gombe/workspace/machikania/origdev/pic32/compiler/pic32-tools/bin/../lib/gcc/pic32mx/4.5.2/libgcc.a(divsf3.o)
 .debug_info    0x00019ae2      0x2fb /home/gombe/workspace/machikania/origdev/pic32/compiler/pic32-tools/bin/../lib/gcc/pic32mx/4.5.2/libgcc.a(eqsf2.o)
 .debug_info    0x00019ddd      0x339 /home/gombe/workspace/machikania/origdev/pic32/compiler/pic32-tools/bin/../lib/gcc/pic32mx/4.5.2/libgcc.a(gesf2.o)
 .debug_info    0x0001a116      0x339 /home/gombe/workspace/machikania/origdev/pic32/compiler/pic32-tools/bin/../lib/gcc/pic32mx/4.5.2/libgcc.a(lesf2.o)
 .debug_info    0x0001a44f      0x410 /home/gombe/workspace/machikania/origdev/pic32/compiler/pic32-tools/bin/../lib/gcc/pic32mx/4.5.2/libgcc.a(mulsf3.o)
 .debug_info    0x0001a85f      0x42e /home/gombe/workspace/machikania/origdev/pic32/compiler/pic32-tools/bin/../lib/gcc/pic32mx/4.5.2/libgcc.a(subsf3.o)
 .debug_info    0x0001ac8d      0x2e4 /home/gombe/workspace/machikania/origdev/pic32/compiler/pic32-tools/bin/../lib/gcc/pic32mx/4.5.2/libgcc.a(fixsfsi.o)
 .debug_info    0x0001af71      0x316 /home/gombe/workspace/machikania/origdev/pic32/compiler/pic32-tools/bin/../lib/gcc/pic32mx/4.5.2/libgcc.a(floatsisf.o)
 .debug_info    0x0001b287      0x306 /home/gombe/workspace/machikania/origdev/pic32/compiler/pic32-tools/bin/../lib/gcc/pic32mx/4.5.2/libgcc.a(floatunsisf.o)

.debug_abbrev   0x00000000     0x3193
 *(.debug_abbrev)
 .debug_abbrev  0x00000000      0x3fd smlrc.o
 .debug_abbrev  0x000003fd      0x220 ff.o
 .debug_abbrev  0x0000061d      0x264 NVMem.o
 .debug_abbrev  0x00000881      0x140 ff_wrap.o
 .debug_abbrev  0x000009c1      0x180 lb.o
 .debug_abbrev  0x00000b41      0x153 xprintf.o
 .debug_abbrev  0x00000c94      0x1c0 main.o
 .debug_abbrev  0x00000e54      0x10d exception.o
 .debug_abbrev  0x00000f61      0x284 ps2keyboard.o
 .debug_abbrev  0x000011e5      0x206 videoout.o
 .debug_abbrev  0x000013eb      0x101 textvideolib.o
 .debug_abbrev  0x000014ec      0x2c1 as.o
 .debug_abbrev  0x000017ad      0x376 ld.o
 .debug_abbrev  0x00001b23        0x1 umm_info.o
 .debug_abbrev  0x00001b24        0x1 umm_integrity.o
 .debug_abbrev  0x00001b25      0x19b umm_malloc.o
 .debug_abbrev  0x00001cc0        0x1 umm_poison.o
 .debug_abbrev  0x00001cc1      0x173 aoutloader.o
 .debug_abbrev  0x00001e34       0xaa keyinput.o
 .debug_abbrev  0x00001ede       0xf3 function_table.o
 .debug_abbrev  0x00001fd1      0x118 cc.o
 .debug_abbrev  0x000020e9      0x12d autocomplete.o
 .debug_abbrev  0x00002216      0x308 sd.o
 .debug_abbrev  0x0000251e      0x17e flash.o
 .debug_abbrev  0x0000269c       0x12 /tmp/ccGnkQyp.o
 .debug_abbrev  0x000026ae       0x12 /tmp/ccW45avG.o
 .debug_abbrev  0x000026c0       0x12 /tmp/ccM1mPsX.o
 .debug_abbrev  0x000026d2       0x25 /home/gombe/workspace/machikania/origdev/pic32/compiler/pic32-tools/bin/../lib/gcc/pic32mx/4.5.2/../../../../pic32mx/lib/libmchp_peripheral.a(read_core_timer_lib.o)
 .debug_abbrev  0x000026f7       0x25 /home/gombe/workspace/machikania/origdev/pic32/compiler/pic32-tools/bin/../lib/gcc/pic32mx/4.5.2/../../../../pic32mx/lib/libmchp_peripheral.a(write_core_timer_lib.o)
 .debug_abbrev  0x0000271c       0x34 /home/gombe/workspace/machikania/origdev/pic32/compiler/pic32-tools/bin/../lib/gcc/pic32mx/4.5.2/../../../../pic32mx/lib/libmchp_peripheral_32MX150F128B.a(soft_reset_lib.o)
 .debug_abbrev  0x00002750       0x34 /home/gombe/workspace/machikania/origdev/pic32/compiler/pic32-tools/bin/../lib/gcc/pic32mx/4.5.2/../../../../pic32mx/lib/libmchp_peripheral_32MX150F128B.a(osc_config_lib.o)
 .debug_abbrev  0x00002784       0x25 /home/gombe/workspace/machikania/origdev/pic32/compiler/pic32-tools/bin/../lib/gcc/pic32mx/4.5.2/../../../../pic32mx/lib/libmchp_peripheral_32MX150F128B.a(int_disable_interrupts_lib.o)
 .debug_abbrev  0x000027a9       0x25 /home/gombe/workspace/machikania/origdev/pic32/compiler/pic32-tools/bin/../lib/gcc/pic32mx/4.5.2/../../../../pic32mx/lib/libmchp_peripheral_32MX150F128B.a(int_restore_interrupts_lib.o)
 .debug_abbrev  0x000027ce       0x25 /home/gombe/workspace/machikania/origdev/pic32/compiler/pic32-tools/bin/../lib/gcc/pic32mx/4.5.2/../../../../pic32mx/lib/libmchp_peripheral_32MX150F128B.a(int_enable_mv_int_lib.o)
 .debug_abbrev  0x000027f3       0x25 /home/gombe/workspace/machikania/origdev/pic32/compiler/pic32-tools/bin/../lib/gcc/pic32mx/4.5.2/../../../../pic32mx/lib/libmchp_peripheral_32MX150F128B.a(spi_getc_spi2_lib_legacy.o)
 .debug_abbrev  0x00002818       0x25 /home/gombe/workspace/machikania/origdev/pic32/compiler/pic32-tools/bin/../lib/gcc/pic32mx/4.5.2/../../../../pic32mx/lib/libmchp_peripheral_32MX150F128B.a(spi_open_spi2_lib_legacy.o)
 .debug_abbrev  0x0000283d        0x1 /home/gombe/workspace/machikania/origdev/pic32/compiler/pic32-tools/bin/../lib/gcc/pic32mx/4.5.2/../../../../pic32mx/lib/libmchp_peripheral_32MX150F128B.a(spi_brg_tbl_lib_legacy.o)
 .debug_abbrev  0x0000283e       0x25 /home/gombe/workspace/machikania/origdev/pic32/compiler/pic32-tools/bin/../lib/gcc/pic32mx/4.5.2/../../../../pic32mx/lib/libmchp_peripheral_32MX150F128B.a(nvm_write_word_lib.o)
 .debug_abbrev  0x00002863       0x25 /home/gombe/workspace/machikania/origdev/pic32/compiler/pic32-tools/bin/../lib/gcc/pic32mx/4.5.2/../../../../pic32mx/lib/libmchp_peripheral_32MX150F128B.a(int_enable_interrupts_lib.o)
 .debug_abbrev  0x00002888       0x34 /home/gombe/workspace/machikania/origdev/pic32/compiler/pic32-tools/bin/../lib/gcc/pic32mx/4.5.2/../../../../pic32mx/lib/libmchp_peripheral_32MX150F128B.a(nvm_operation_lib.o)
 .debug_abbrev  0x000028bc       0x6a /home/gombe/workspace/machikania/origdev/pic32/compiler/pic32-tools/bin/../lib/gcc/pic32mx/4.5.2/libgcc.a(_fixunssfsi.o)
 .debug_abbrev  0x00002926       0xde /home/gombe/workspace/machikania/origdev/pic32/compiler/pic32-tools/bin/../lib/gcc/pic32mx/4.5.2/libgcc.a(addsf3.o)
 .debug_abbrev  0x00002a04       0xc2 /home/gombe/workspace/machikania/origdev/pic32/compiler/pic32-tools/bin/../lib/gcc/pic32mx/4.5.2/libgcc.a(divsf3.o)
 .debug_abbrev  0x00002ac6       0xe0 /home/gombe/workspace/machikania/origdev/pic32/compiler/pic32-tools/bin/../lib/gcc/pic32mx/4.5.2/libgcc.a(eqsf2.o)
 .debug_abbrev  0x00002ba6       0xe0 /home/gombe/workspace/machikania/origdev/pic32/compiler/pic32-tools/bin/../lib/gcc/pic32mx/4.5.2/libgcc.a(gesf2.o)
 .debug_abbrev  0x00002c86       0xe0 /home/gombe/workspace/machikania/origdev/pic32/compiler/pic32-tools/bin/../lib/gcc/pic32mx/4.5.2/libgcc.a(lesf2.o)
 .debug_abbrev  0x00002d66       0xd1 /home/gombe/workspace/machikania/origdev/pic32/compiler/pic32-tools/bin/../lib/gcc/pic32mx/4.5.2/libgcc.a(mulsf3.o)
 .debug_abbrev  0x00002e37       0xde /home/gombe/workspace/machikania/origdev/pic32/compiler/pic32-tools/bin/../lib/gcc/pic32mx/4.5.2/libgcc.a(subsf3.o)
 .debug_abbrev  0x00002f15       0xd1 /home/gombe/workspace/machikania/origdev/pic32/compiler/pic32-tools/bin/../lib/gcc/pic32mx/4.5.2/libgcc.a(fixsfsi.o)
 .debug_abbrev  0x00002fe6       0xde /home/gombe/workspace/machikania/origdev/pic32/compiler/pic32-tools/bin/../lib/gcc/pic32mx/4.5.2/libgcc.a(floatsisf.o)
 .debug_abbrev  0x000030c4       0xcf /home/gombe/workspace/machikania/origdev/pic32/compiler/pic32-tools/bin/../lib/gcc/pic32mx/4.5.2/libgcc.a(floatunsisf.o)

.debug_line     0x00000000     0x6e7f
 *(.debug_line)
 .debug_line    0x00000000     0x20fe smlrc.o
 .debug_line    0x000020fe      0x8da ff.o
 .debug_line    0x000029d8      0x276 NVMem.o
 .debug_line    0x00002c4e      0x150 ff_wrap.o
 .debug_line    0x00002d9e      0x1c6 lb.o
 .debug_line    0x00002f64      0x1dd xprintf.o
 .debug_line    0x00003141      0x21b main.o
 .debug_line    0x0000335c      0x122 exception.o
 .debug_line    0x0000347e      0x38b ps2keyboard.o
 .debug_line    0x00003809      0x703 videoout.o
 .debug_line    0x00003f0c      0x114 textvideolib.o
 .debug_line    0x00004020      0xa89 as.o
 .debug_line    0x00004aa9      0x6c0 ld.o
 .debug_line    0x00005169        0x0 umm_info.o
 .debug_line    0x00005169        0x0 umm_integrity.o
 .debug_line    0x00005169      0x1e7 umm_malloc.o
 .debug_line    0x00005350        0x0 umm_poison.o
 .debug_line    0x00005350      0x17d aoutloader.o
 .debug_line    0x000054cd       0xd3 keyinput.o
 .debug_line    0x000055a0      0x123 function_table.o
 .debug_line    0x000056c3       0xfd cc.o
 .debug_line    0x000057c0      0x189 autocomplete.o
 .debug_line    0x00005949      0x34c sd.o
 .debug_line    0x00005c95      0x144 flash.o
 .debug_line    0x00005dd9      0x10b /tmp/ccGnkQyp.o
 .debug_line    0x00005ee4       0x49 /tmp/ccW45avG.o
 .debug_line    0x00005f2d       0x47 /tmp/ccM1mPsX.o
 .debug_line    0x00005f74       0x6e /home/gombe/workspace/machikania/origdev/pic32/compiler/pic32-tools/bin/../lib/gcc/pic32mx/4.5.2/../../../../pic32mx/lib/libmchp_peripheral.a(read_core_timer_lib.o)
 .debug_line    0x00005fe2       0x6f /home/gombe/workspace/machikania/origdev/pic32/compiler/pic32-tools/bin/../lib/gcc/pic32mx/4.5.2/../../../../pic32mx/lib/libmchp_peripheral.a(write_core_timer_lib.o)
 .debug_line    0x00006051       0xbb /home/gombe/workspace/machikania/origdev/pic32/compiler/pic32-tools/bin/../lib/gcc/pic32mx/4.5.2/../../../../pic32mx/lib/libmchp_peripheral_32MX150F128B.a(soft_reset_lib.o)
 .debug_line    0x0000610c       0xb9 /home/gombe/workspace/machikania/origdev/pic32/compiler/pic32-tools/bin/../lib/gcc/pic32mx/4.5.2/../../../../pic32mx/lib/libmchp_peripheral_32MX150F128B.a(osc_config_lib.o)
 .debug_line    0x000061c5       0x73 /home/gombe/workspace/machikania/origdev/pic32/compiler/pic32-tools/bin/../lib/gcc/pic32mx/4.5.2/../../../../pic32mx/lib/libmchp_peripheral_32MX150F128B.a(int_disable_interrupts_lib.o)
 .debug_line    0x00006238       0x73 /home/gombe/workspace/machikania/origdev/pic32/compiler/pic32-tools/bin/../lib/gcc/pic32mx/4.5.2/../../../../pic32mx/lib/libmchp_peripheral_32MX150F128B.a(int_restore_interrupts_lib.o)
 .debug_line    0x000062ab       0x6e /home/gombe/workspace/machikania/origdev/pic32/compiler/pic32-tools/bin/../lib/gcc/pic32mx/4.5.2/../../../../pic32mx/lib/libmchp_peripheral_32MX150F128B.a(int_enable_mv_int_lib.o)
 .debug_line    0x00006319       0x71 /home/gombe/workspace/machikania/origdev/pic32/compiler/pic32-tools/bin/../lib/gcc/pic32mx/4.5.2/../../../../pic32mx/lib/libmchp_peripheral_32MX150F128B.a(spi_getc_spi2_lib_legacy.o)
 .debug_line    0x0000638a       0x71 /home/gombe/workspace/machikania/origdev/pic32/compiler/pic32-tools/bin/../lib/gcc/pic32mx/4.5.2/../../../../pic32mx/lib/libmchp_peripheral_32MX150F128B.a(spi_open_spi2_lib_legacy.o)
 .debug_line    0x000063fb        0x0 /home/gombe/workspace/machikania/origdev/pic32/compiler/pic32-tools/bin/../lib/gcc/pic32mx/4.5.2/../../../../pic32mx/lib/libmchp_peripheral_32MX150F128B.a(spi_brg_tbl_lib_legacy.o)
 .debug_line    0x000063fb       0x6b /home/gombe/workspace/machikania/origdev/pic32/compiler/pic32-tools/bin/../lib/gcc/pic32mx/4.5.2/../../../../pic32mx/lib/libmchp_peripheral_32MX150F128B.a(nvm_write_word_lib.o)
 .debug_line    0x00006466       0x72 /home/gombe/workspace/machikania/origdev/pic32/compiler/pic32-tools/bin/../lib/gcc/pic32mx/4.5.2/../../../../pic32mx/lib/libmchp_peripheral_32MX150F128B.a(int_enable_interrupts_lib.o)
 .debug_line    0x000064d8       0xbc /home/gombe/workspace/machikania/origdev/pic32/compiler/pic32-tools/bin/../lib/gcc/pic32mx/4.5.2/../../../../pic32mx/lib/libmchp_peripheral_32MX150F128B.a(nvm_operation_lib.o)
 .debug_line    0x00006594      0x121 /home/gombe/workspace/machikania/origdev/pic32/compiler/pic32-tools/bin/../lib/gcc/pic32mx/4.5.2/libgcc.a(_fixunssfsi.o)
 .debug_line    0x000066b5       0xd2 /home/gombe/workspace/machikania/origdev/pic32/compiler/pic32-tools/bin/../lib/gcc/pic32mx/4.5.2/libgcc.a(addsf3.o)
 .debug_line    0x00006787       0xc7 /home/gombe/workspace/machikania/origdev/pic32/compiler/pic32-tools/bin/../lib/gcc/pic32mx/4.5.2/libgcc.a(divsf3.o)
 .debug_line    0x0000684e       0xbe /home/gombe/workspace/machikania/origdev/pic32/compiler/pic32-tools/bin/../lib/gcc/pic32mx/4.5.2/libgcc.a(eqsf2.o)
 .debug_line    0x0000690c       0xba /home/gombe/workspace/machikania/origdev/pic32/compiler/pic32-tools/bin/../lib/gcc/pic32mx/4.5.2/libgcc.a(gesf2.o)
 .debug_line    0x000069c6       0xba /home/gombe/workspace/machikania/origdev/pic32/compiler/pic32-tools/bin/../lib/gcc/pic32mx/4.5.2/libgcc.a(lesf2.o)
 .debug_line    0x00006a80       0xd7 /home/gombe/workspace/machikania/origdev/pic32/compiler/pic32-tools/bin/../lib/gcc/pic32mx/4.5.2/libgcc.a(mulsf3.o)
 .debug_line    0x00006b57       0xd2 /home/gombe/workspace/machikania/origdev/pic32/compiler/pic32-tools/bin/../lib/gcc/pic32mx/4.5.2/libgcc.a(subsf3.o)
 .debug_line    0x00006c29       0xc6 /home/gombe/workspace/machikania/origdev/pic32/compiler/pic32-tools/bin/../lib/gcc/pic32mx/4.5.2/libgcc.a(fixsfsi.o)
 .debug_line    0x00006cef       0xc7 /home/gombe/workspace/machikania/origdev/pic32/compiler/pic32-tools/bin/../lib/gcc/pic32mx/4.5.2/libgcc.a(floatsisf.o)
 .debug_line    0x00006db6       0xc9 /home/gombe/workspace/machikania/origdev/pic32/compiler/pic32-tools/bin/../lib/gcc/pic32mx/4.5.2/libgcc.a(floatunsisf.o)

.debug_frame    0x00000000     0x3810
 *(.debug_frame)
 .debug_frame   0x00000000     0x1324 smlrc.o
 .debug_frame   0x00001324      0x61c ff.o
 .debug_frame   0x00001940       0x94 NVMem.o
 .debug_frame   0x000019d4      0x11c ff_wrap.o
 .debug_frame   0x00001af0      0x170 lb.o
 .debug_frame   0x00001c60      0x154 xprintf.o
 .debug_frame   0x00001db4       0x8c main.o
 .debug_frame   0x00001e40       0x4c exception.o
 .debug_frame   0x00001e8c      0x1b4 ps2keyboard.o
 .debug_frame   0x00002040      0x188 videoout.o
 .debug_frame   0x000021c8       0xf4 textvideolib.o
 .debug_frame   0x000022bc      0x72c as.o
 .debug_frame   0x000029e8      0x558 ld.o
 .debug_frame   0x00002f40      0x10c umm_malloc.o
 .debug_frame   0x0000304c       0x80 aoutloader.o
 .debug_frame   0x000030cc       0x94 keyinput.o
 .debug_frame   0x00003160       0x40 function_table.o
 .debug_frame   0x000031a0       0x4c cc.o
 .debug_frame   0x000031ec       0x6c autocomplete.o
 .debug_frame   0x00003258      0x1b4 sd.o
 .debug_frame   0x0000340c       0xd8 flash.o
 .debug_frame   0x000034e4       0x20 /home/gombe/workspace/machikania/origdev/pic32/compiler/pic32-tools/bin/../lib/gcc/pic32mx/4.5.2/../../../../pic32mx/lib/libmchp_peripheral.a(read_core_timer_lib.o)
 .debug_frame   0x00003504       0x20 /home/gombe/workspace/machikania/origdev/pic32/compiler/pic32-tools/bin/../lib/gcc/pic32mx/4.5.2/../../../../pic32mx/lib/libmchp_peripheral.a(write_core_timer_lib.o)
 .debug_frame   0x00003524       0x28 /home/gombe/workspace/machikania/origdev/pic32/compiler/pic32-tools/bin/../lib/gcc/pic32mx/4.5.2/../../../../pic32mx/lib/libmchp_peripheral_32MX150F128B.a(soft_reset_lib.o)
 .debug_frame   0x0000354c       0x30 /home/gombe/workspace/machikania/origdev/pic32/compiler/pic32-tools/bin/../lib/gcc/pic32mx/4.5.2/../../../../pic32mx/lib/libmchp_peripheral_32MX150F128B.a(osc_config_lib.o)
 .debug_frame   0x0000357c       0x20 /home/gombe/workspace/machikania/origdev/pic32/compiler/pic32-tools/bin/../lib/gcc/pic32mx/4.5.2/../../../../pic32mx/lib/libmchp_peripheral_32MX150F128B.a(int_disable_interrupts_lib.o)
 .debug_frame   0x0000359c       0x20 /home/gombe/workspace/machikania/origdev/pic32/compiler/pic32-tools/bin/../lib/gcc/pic32mx/4.5.2/../../../../pic32mx/lib/libmchp_peripheral_32MX150F128B.a(int_restore_interrupts_lib.o)
 .debug_frame   0x000035bc       0x28 /home/gombe/workspace/machikania/origdev/pic32/compiler/pic32-tools/bin/../lib/gcc/pic32mx/4.5.2/../../../../pic32mx/lib/libmchp_peripheral_32MX150F128B.a(int_enable_mv_int_lib.o)
 .debug_frame   0x000035e4       0x20 /home/gombe/workspace/machikania/origdev/pic32/compiler/pic32-tools/bin/../lib/gcc/pic32mx/4.5.2/../../../../pic32mx/lib/libmchp_peripheral_32MX150F128B.a(spi_getc_spi2_lib_legacy.o)
 .debug_frame   0x00003604       0x20 /home/gombe/workspace/machikania/origdev/pic32/compiler/pic32-tools/bin/../lib/gcc/pic32mx/4.5.2/../../../../pic32mx/lib/libmchp_peripheral_32MX150F128B.a(spi_open_spi2_lib_legacy.o)
 .debug_frame   0x00003624       0x28 /home/gombe/workspace/machikania/origdev/pic32/compiler/pic32-tools/bin/../lib/gcc/pic32mx/4.5.2/../../../../pic32mx/lib/libmchp_peripheral_32MX150F128B.a(nvm_write_word_lib.o)
 .debug_frame   0x0000364c       0x20 /home/gombe/workspace/machikania/origdev/pic32/compiler/pic32-tools/bin/../lib/gcc/pic32mx/4.5.2/../../../../pic32mx/lib/libmchp_peripheral_32MX150F128B.a(int_enable_interrupts_lib.o)
 .debug_frame   0x0000366c       0x28 /home/gombe/workspace/machikania/origdev/pic32/compiler/pic32-tools/bin/../lib/gcc/pic32mx/4.5.2/../../../../pic32mx/lib/libmchp_peripheral_32MX150F128B.a(nvm_operation_lib.o)
 .debug_frame   0x00003694       0x2c /home/gombe/workspace/machikania/origdev/pic32/compiler/pic32-tools/bin/../lib/gcc/pic32mx/4.5.2/libgcc.a(_fixunssfsi.o)
 .debug_frame   0x000036c0       0x20 /home/gombe/workspace/machikania/origdev/pic32/compiler/pic32-tools/bin/../lib/gcc/pic32mx/4.5.2/libgcc.a(addsf3.o)
 .debug_frame   0x000036e0       0x28 /home/gombe/workspace/machikania/origdev/pic32/compiler/pic32-tools/bin/../lib/gcc/pic32mx/4.5.2/libgcc.a(divsf3.o)